{'data': '{"columns":["investor_country", "investor_region", "intention", "deal_count", "availability"],"filters":{"deal_scope": "transnational", "order_by": ["investor_country"], "group_by": "investor_country", "limit": "", "activity": {"tags": {"pi_negotiation_status__in": ["Concluded (Oral Agreement)", "Concluded (Contract signed)"]}}, "group_value": "", "investor": {"tags": {}}, "starts_with": null}}'}
[[None, '#!#', ['#!#'], ['Agriculture', 'Agriunspecified', 'Biofuels', 'Food crops', 'Forestry', 'Forestunspecified', 'For wood and fibre', 'Industry', 'Livestock', 'Non-food agricultural commodities', 'Other (please specify)', 'Renewable Energy', 'Tourism'], 29, 38.5035210323072, 'dummy'], ['Algeria', 'Algeria#!#DZA', ['Northern Africa#!#15'], ['Agriculture', 'Food crops'], 1, 28.2051282051282, 'dummy'], ['Angola', 'Angola#!#AGO', ['Central Africa#!#17'], ['Agriculture', 'Biofuels'], 1, 50.0, 'dummy'], ['Argentina', 'Argentina#!#ARG', ['South America#!#5'], ['Agriculture', 'Agriunspecified', 'Biofuels', 'Food crops', 'Forestry', 'Livestock'], 19, 42.0993305841998, 'dummy'], ['Australia', 'Australia#!#AUS', ['Australia and New Zealand#!#53'], ['Agriculture', 'Biofuels', 'Food crops', 'Non-food agricultural commodities', 'Other (please specify)', 'Renewable Energy'], 5, 32.3432923761119, 'dummy'], ['Austria', 'Austria#!#AUT', ['Western Europe#!#155'], ['Agriculture', 'Food crops', 'Livestock', 'Non-food agricultural commodities', 'Other (please specify)'], 4, 64.7496582055662, 'dummy'], ['Bahrain', 'Bahrain#!#BHR', ['Middle East#!#145'], ['Agriculture', 'Food crops'], 1, 37.1428571428571, 'dummy'], ['Belgium', 'Belgium#!#BEL', ['Western Europe#!#155'], ['Agriculture', 'Agriunspecified', 'Biofuels', 'Food crops', 'Livestock', 'Non-food agricultural commodities', 'Tourism'], 17, 43.4321691061895, 'dummy'], ['Bermuda', 'Bermuda#!#BMU', ['Northern America#!#21'], ['Agriculture', 'Conservation', 'Food crops', 'Livestock'], 11, 36.4079511897848, 'dummy'], ['Brazil', 'Brazil#!#BRA', ['South America#!#5'], ['Agriculture', 'Biofuels', 'Food crops', 'Forestry', 'For wood and fibre', 'Livestock', 'Other (please specify)', 'Renewable Energy'], 23, 47.2160053232527, 'dummy'], ['British Virgin Islands', 'British Virgin Islands#!#VGB', ['Caribbean#!#29'], ['Agriculture', 'Agriunspecified', 'Forestry', 'For wood and fibre', 'Renewable Energy'], 13, 44.8080826533512, 'dummy'], ['Bulgaria', 'Bulgaria#!#BGR', ['Eastern Europe#!#151'], ['Agriculture', 'Food crops', 'Other (please specify)'], 1, 74.390243902439, 'dummy'], ['Cambodia', 'Cambodia#!#KHM', ['South-East Asia#!#35'], ['Agriculture', 'Agriunspecified', 'For carbon sequestration/REDD', 'Forestry', 'Non-food agricultural commodities', 'Other (please specify)', 'Tourism'], 5, 48.9433624917496, 'dummy'], ['Cameroon', 'Cameroon#!#CMR', ['Central Africa#!#17'], ['Agriculture', 'Biofuels'], 1, 39.5348837209302, 'dummy'], ['Canada', 'Canada#!#CAN', ['Northern America#!#21'], ['Agriculture', 'Agriunspecified', 'Biofuels', 'Food crops', 'For carbon sequestration/REDD', 'Forestry', 'For wood and fibre', 'Industry', 'Livestock', 'Tourism', None], 44, 44.5665407391614, 'dummy'], ['Cape Verde', 'Cape Verde#!#CPV', ['Western Africa#!#11'], ['Agriculture', 'Food crops'], 1, 28.5714285714286, 'dummy'], ['Cayman Islands', 'Cayman Islands#!#CYM', ['Caribbean#!#29'], ['Agriculture'], 1, 44.1860465116279, 'dummy'], ['Chile', 'Chile#!#CHL', ['South America#!#5'], ['Agriculture', 'Food crops', 'Forestry', 'For wood and fibre'], 14, 45.892952790098, 'dummy'], ['China', 'China#!#CHN', ['Eastern Asia#!#30'], ['Agriculture', 'Agriunspecified', 'Biofuels', 'Food crops', 'Forestry', 'Forestunspecified', 'For wood and fibre', 'Industry', 'Livestock', 'Non-food agricultural commodities', 'Other (please specify)', 'Renewable Energy', 'Tourism'], 93, 45.9842033782616, 'dummy'], ['China, Hong Kong Special Administrative Region', 'China, Hong Kong Special Administrative Region#!#HKG', ['Eastern Asia#!#30'], ['Agriculture', 'Agriunspecified', 'Biofuels', 'Conservation', 'Food crops', 'Forestry', 'Forestunspecified', 'For wood and fibre', 'Industry', 'Livestock', 'Non-food agricultural commodities', 'Other (please specify)'], 34, 44.8326069421262, 'dummy'], ['Costa Rica', 'Costa Rica#!#CRI', ['Central America#!#13'], ['Forestry', 'For wood and fibre'], 1, 41.8181818181818, 'dummy'], ["Côte d'Ivoire", "Côte d'Ivoire#!#CIV", ['Western Africa#!#11'], ['Agriculture', 'Agriunspecified', 'Non-food agricultural commodities'], 4, 56.0103524786506, 'dummy'], ['Democratic Republic of the Congo', 'Democratic Republic of the Congo#!#COD', ['Central Africa#!#17'], ['Agriculture', 'Agriunspecified', 'Food crops'], 2, 51.005291005291, 'dummy'], ['Denmark', 'Denmark#!#DNK', ['Northern Europe#!#154'], ['Agriculture', 'Agriunspecified', 'Biofuels', 'Conservation', 'Food crops', 'Forestry', 'Forestunspecified', 'Livestock', 'Non-food agricultural commodities'], 18, 49.3731410222247, 'dummy'], ['Djibouti', 'Djibouti#!#DJI', ['Eastern Africa#!#14'], ['Agriculture', 'Food crops'], 3, 32.429574933286, 'dummy'], ['Egypt', 'Egypt#!#EGY', ['Northern Africa#!#15'], ['Agriculture', 'Food crops', 'Non-food agricultural commodities'], 7, 42.5496485779667, 'dummy'], ['Ethiopia', 'Ethiopia#!#ETH', ['Eastern Africa#!#14'], ['Agriculture', 'Biofuels', 'Food crops', 'Non-food agricultural commodities'], 11, 41.3407038132006, 'dummy'], ['Finland', 'Finland#!#FIN', ['Northern Europe#!#154'], ['Agriculture', 'Agriunspecified', 'For carbon sequestration/REDD', 'Forestry', 'Forestunspecified', 'For wood and fibre', 'Industry'], 18, 48.7008848869695, 'dummy'], ['France', 'France#!#FRA', ['Western Europe#!#155'], ['Agriculture', 'Agriunspecified', 'Biofuels', 'Conservation', 'Food crops', 'Forestry', 'Forestunspecified', 'Livestock', 'Non-food agricultural commodities', 'Other (please specify)', 'Tourism'], 37, 42.4223117284144, 'dummy'], ['Gabon', 'Gabon#!#GAB', ['Central Africa#!#17'], ['Agriculture', 'Agriunspecified', 'Non-food agricultural commodities'], 1, 59.4594594594595, 'dummy'], ['Germany', 'Germany#!#DEU', ['Western Europe#!#155'], ['Agriculture', 'Agriunspecified', 'Biofuels', 'Food crops', 'Forestry', 'For wood and fibre', 'Industry', 'Livestock', 'Non-food agricultural commodities'], 16, 43.5780073618262, 'dummy'], ['Ghana', 'Ghana#!#GHA', ['Western Africa#!#11'], ['Agriculture', 'Agriunspecified', 'Biofuels', 'Food crops', 'Non-food agricultural commodities'], 4, 40.0070569140115, 'dummy'], ['Guinea', 'Guinea#!#GIN', ['Western Africa#!#11'], ['Agriculture', 'Food crops'], 3, 17.3778, 'dummy'], ['Hungary', 'Hungary#!#HUN', ['Eastern Europe#!#151'], ['Agriculture', 'Food crops'], 1, 53.1914893617021, 'dummy'], ['India', 'India#!#IND', ['South Asia#!#34'], ['Agriculture', 'Agriunspecified', 'Biofuels', 'Food crops', 'For carbon sequestration/REDD', 'Forestry', 'For wood and fibre', 'Industry', 'Non-food agricultural commodities', 'Renewable Energy'], 47, 42.5657592036924, 'dummy'], ['Indonesia', 'Indonesia#!#IDN', ['South-East Asia#!#35'], ['Agriculture', 'Agriunspecified', 'Biofuels', 'Food crops', 'Industry', 'Non-food agricultural commodities'], 16, 46.3988925914143, 'dummy'], ['Iran (Islamic Republic of)', 'Iran (Islamic Republic of)#!#IRN', ['South Asia#!#34'], ['Agriculture', 'Food crops', 'Non-food agricultural commodities'], 1, 33.3333333333333, 'dummy'], ['Israel', 'Israel#!#ISR', ['Middle East#!#145'], ['Agriculture', 'Agriunspecified', 'Biofuels', 'Food crops', 'Livestock', 'Non-food agricultural commodities'], 9, 39.8192824057825, 'dummy'], ['Italy', 'Italy#!#ITA', ['Southern Europe#!#39'], ['Agriculture', 'Agriunspecified', 'Biofuels', 'Food crops', 'For carbon sequestration/REDD', 'Forestry', 'For wood and fibre', 'Livestock', 'Non-food agricultural commodities'], 23, 49.7834825030192, 'dummy'], ['Japan', 'Japan#!#JPN', ['Eastern Asia#!#30'], ['Agriculture', 'Biofuels', 'Conservation', 'Food crops', 'For carbon sequestration/REDD', 'Forestry', 'For wood and fibre', 'Industry', 'Livestock', 'Non-food agricultural commodities', 'Renewable Energy'], 19, 45.3616581505642, 'dummy'], ['Jersey', 'Jersey#!#JEY', ['Northern Europe#!#154'], ['Agriculture', 'Food crops'], 4, 47.5040579310156, 'dummy'], ['Kazakhstan', 'Kazakhstan#!#KAZ', ['Central Asia#!#143'], ['Agriculture', 'Food crops'], 1, 38.4615384615385, 'dummy'], ['Kenya', 'Kenya#!#KEN', ['Eastern Africa#!#14'], ['Agriculture', 'Agriunspecified', 'Biofuels', 'Food crops', 'Forestry', 'For wood and fibre', 'Renewable Energy'], 7, 35.2875508646526, 'dummy'], ['Kuwait', 'Kuwait#!#KWT', ['Middle East#!#145'], ['Agriculture', 'Biofuels', 'Food crops', 'Non-food agricultural commodities', 'Renewable Energy'], 1, 40.0, 'dummy'], ["Lao People's Democratic Republic", "Lao People's Democratic Republic#!#LAO", ['South-East Asia#!#35'], ['Agriculture', 'Biofuels', 'Food crops', 'Forestry', 'For wood and fibre', 'Industry', 'Livestock', 'Non-food agricultural commodities', 'Tourism'], 6, 47.0744191837003, 'dummy'], ['Lebanon', 'Lebanon#!#LBN', ['Middle East#!#145'], ['Agriculture', 'Agriunspecified', 'Food crops'], 2, 43.7629399585921, 'dummy'], ['Liberia', 'Liberia#!#LBR', ['Western Africa#!#11'], ['Agriculture', 'Biofuels', 'Food crops', 'For carbon sequestration/REDD', 'Forestry', 'For wood and fibre'], 2, 64.054834054834, 'dummy'], ['Libya', 'Libya#!#LBY', ['Northern Africa#!#15'], ['Agriculture', 'Food crops', 'Livestock', None], 4, 34.8710353861602, 'dummy'], ['Lithuania', 'Lithuania#!#LTU', ['Northern Europe#!#154'], ['Agriculture', 'Agriunspecified'], 1, 53.1645569620253, 'dummy'], ['Luxembourg', 'Luxembourg#!#LUX', ['Western Europe#!#155'], ['Agriculture', 'Agriunspecified', 'Biofuels', 'Food crops', 'Livestock', 'Non-food agricultural commodities'], 21, 40.2061244380327, 'dummy'], ['Madagascar', 'Madagascar#!#MDG', ['Eastern Africa#!#14'], ['Agriculture', 'Biofuels', 'Food crops'], 2, 28.7979909090909, 'dummy'], ['Malaysia', 'Malaysia#!#MYS', ['South-East Asia#!#35'], ['Agriculture', 'Agriunspecified', 'Biofuels', 'Food crops', 'Forestry', 'For wood and fibre', 'Industry', 'Non-food agricultural commodities', 'Other (please specify)', 'Renewable Energy', None], 96, 45.7140560821476, 'dummy'], ['Mali', 'Mali#!#MLI', ['Western Africa#!#11'], ['Agriculture', 'Biofuels', 'Food crops', 'Livestock', 'Renewable Energy'], 3, 57.690587138863, 'dummy'], ['Mauritius', 'Mauritius#!#MUS', ['Eastern Africa#!#14'], ['Agriculture', 'Agriunspecified', 'Biofuels', 'Food crops', 'Renewable Energy'], 5, 44.8404935921642, 'dummy'], ['Mexico', 'Mexico#!#MEX', ['Central America#!#13'], ['Agriculture', 'Biofuels', 'Forestry', 'For wood and fibre'], 2, 34.5299256410256, 'dummy'], ['Mozambique', 'Mozambique#!#MOZ', ['Eastern Africa#!#14'], ['Agriculture', 'Biofuels', 'Conservation', 'Food crops', 'Forestry', 'For wood and fibre'], 10, 33.9961827855576, 'dummy'], ['Namibia', 'Namibia#!#NAM', ['Southern Africa#!#18'], ['Agriculture', 'Food crops'], 1, 51.063829787234, 'dummy'], ['Netherlands', 'Netherlands#!#NLD', ['Western Europe#!#155'], ['Agriculture', 'Agriunspecified', 'Biofuels', 'Conservation', 'Food crops', 'For carbon sequestration/REDD', 'Forestry', 'Forestunspecified', 'For wood and fibre', 'Livestock', 'Non-food agricultural commodities', 'Other (please specify)', 'Renewable Energy', 'Tourism'], 27, 46.7916917330525, 'dummy'], ['New Zealand', 'New Zealand#!#NZL', ['Australia and New Zealand#!#53'], ['Agriculture', 'Food crops', 'Industry', 'Livestock'], 3, 44.339304264663, 'dummy'], ['Nicaragua', 'Nicaragua#!#NIC', ['Central America#!#13'], ['Agriculture', 'Renewable Energy'], 2, 45.8955223880597, 'dummy'], ['Nigeria', 'Nigeria#!#NGA', ['Western Africa#!#11'], ['Agriculture', 'Agriunspecified', 'Biofuels', 'Food crops', 'Forestry', 'For wood and fibre', 'Livestock', 'Non-food agricultural commodities'], 10, 42.4214463133777, 'dummy'], ['Norway', 'Norway#!#NOR', ['Northern Europe#!#154'], ['Agriculture', 'Biofuels', 'Conservation', 'Food crops', 'For carbon sequestration/REDD', 'Forestry', 'For wood and fibre'], 12, 44.7442125111494, 'dummy'], ['Pakistan', 'Pakistan#!#PAK', ['South Asia#!#34'], ['Agriculture', 'Biofuels', 'Food crops', 'Forestry', 'For wood and fibre'], 3, 43.1174843321875, 'dummy'], ['Papua New Guinea', 'Papua New Guinea#!#PNG', ['Melanesia#!#54'], ['Forestry', 'For wood and fibre', 'Other (please specify)'], 1, 40.0, 'dummy'], ['Peru', 'Peru#!#PER', ['South America#!#5'], ['Agriculture', 'Food crops', 'Non-food agricultural commodities'], 4, 45.0297933470509, 'dummy'], ['Philippines', 'Philippines#!#PHL', ['South-East Asia#!#35'], ['Agriculture', 'Biofuels', 'Food crops'], 5, 45.4358974358975, 'dummy'], ['Portugal', 'Portugal#!#PRT', ['Southern Europe#!#39'], ['Agriculture', 'Biofuels', 'Food crops', 'Forestry', 'For wood and fibre', 'Livestock', 'Renewable Energy'], 13, 44.2861479049866, 'dummy'], ['Qatar', 'Qatar#!#QAT', ['Middle East#!#145'], ['Agriculture', 'Food crops', 'Industry', 'Livestock', 'Non-food agricultural commodities', 'Other (please specify)'], 3, 45.852239200765, 'dummy'], ['Republic of Korea', 'Republic of Korea#!#KOR', ['Eastern Asia#!#30'], ['Agriculture', 'Agriunspecified', 'Biofuels', 'Conservation', 'Food crops', 'For carbon sequestration/REDD', 'Forestry', 'Forestunspecified', 'For wood and fibre', 'Industry', 'Livestock', 'Non-food agricultural commodities', 'Tourism', None], 29, 42.346372500792, 'dummy'], ['Réunion', 'Réunion#!#REU', ['Eastern Africa#!#14'], ['Agriculture', 'Food crops'], 1, 44.1860465116279, 'dummy'], ['Romania', 'Romania#!#ROU', ['Eastern Europe#!#151'], ['Agriculture', 'Biofuels'], 2, 34.2857142857143, 'dummy'], ['Russian Federation', 'Russian Federation#!#RUS', ['Eastern Europe#!#151'], ['Agriculture', 'Agriunspecified', 'Food crops', 'Forestry', 'For wood and fibre', 'Industry', 'Livestock', 'Tourism'], 6, 42.1243805603952, 'dummy'], ['Rwanda', 'Rwanda#!#RWA', ['Eastern Africa#!#14'], ['Agriculture', 'Food crops'], 1, 42.8571428571429, 'dummy'], ['Saudi Arabia', 'Saudi Arabia#!#SAU', ['Middle East#!#145'], ['Agriculture', 'Biofuels', 'Food crops', 'Forestry', 'For wood and fibre', 'Non-food agricultural commodities', 'Renewable Energy'], 21, 43.8173135354645, 'dummy'], ['Senegal', 'Senegal#!#SEN', ['Western Africa#!#11'], ['Agriculture', 'Non-food agricultural commodities'], 1, 38.4615384615385, 'dummy'], ['Serbia', 'Serbia#!#SRB', ['Southern Europe#!#39'], ['Agriculture', 'Agriunspecified', 'Food crops'], 1, 66.6666666666667, 'dummy'], ['Singapore', 'Singapore#!#SGP', ['South-East Asia#!#35'], ['Agriculture', 'Agriunspecified', 'Biofuels', 'Food crops', 'For carbon sequestration/REDD', 'Forestry', 'For wood and fibre', 'Industry', 'Livestock', 'Non-food agricultural commodities', 'Other (please specify)', 'Renewable Energy'], 46, 45.3653423727285, 'dummy'], ['South Africa', 'South Africa#!#ZAF', ['Southern Africa#!#18'], ['Agriculture', 'Agriunspecified', 'Biofuels', 'Food crops', 'For carbon sequestration/REDD', 'Forestry', 'For wood and fibre', 'Industry', 'Livestock', 'Non-food agricultural commodities', 'Tourism'], 27, 39.0939891612972, 'dummy'], ['South Sudan', 'South Sudan#!#SSD', ['Northern Africa#!#15'], ['Agriculture', 'Food crops'], 1, 47.2727272727273, 'dummy'], ['Spain', 'Spain#!#ESP', ['Southern Europe#!#39'], ['Agriculture', 'Biofuels', 'Food crops', 'Forestry', 'For wood and fibre', 'Renewable Energy'], 14, 31.8669845113804, 'dummy'], ['Sri Lanka', 'Sri Lanka#!#LKA', ['South Asia#!#34'], ['Agriculture', 'Conservation', 'Food crops', 'Forestry', 'Forestunspecified', 'For wood and fibre', 'Industry', 'Non-food agricultural commodities'], 14, 37.2842536070609, 'dummy'], ['Sudan', 'Sudan#!#SDN', ['Northern Africa#!#15'], ['Agriculture', 'Biofuels', 'Food crops', 'Non-food agricultural commodities', 'Renewable Energy'], 2, 39.8496240601504, 'dummy'], ['Sweden', 'Sweden#!#SWE', ['Northern Europe#!#154'], ['Agriculture', 'Agriunspecified', 'Biofuels', 'Conservation', 'Food crops', 'Forestry', 'For wood and fibre', 'Livestock', 'Renewable Energy'], 17, 45.1626947812342, 'dummy'], ['Switzerland', 'Switzerland#!#CHE', ['Western Europe#!#155'], ['Agriculture', 'Biofuels', 'Conservation', 'Food crops', 'Livestock', 'Renewable Energy'], 17, 37.6641612607998, 'dummy'], ['Syrian Arab Republic', 'Syrian Arab Republic#!#SYR', ['Middle East#!#145'], ['Agriculture'], 1, 34.0425531914894, 'dummy'], ['Thailand', 'Thailand#!#THA', ['South-East Asia#!#35'], ['Agriculture', 'Agriunspecified', 'Biofuels', 'Food crops', 'Industry', 'Livestock', 'Non-food agricultural commodities', 'Other (please specify)'], 20, 49.3195462151931, 'dummy'], ['Turkey', 'Turkey#!#TUR', ['Middle East#!#145'], ['Agriculture', 'Food crops', 'Industry', 'Non-food agricultural commodities'], 5, 40.181058643779, 'dummy'], ['Uganda', 'Uganda#!#UGA', ['Eastern Africa#!#14'], ['Agriculture', 'Agriunspecified', 'Biofuels', 'Food crops'], 2, 47.6363636363637, 'dummy'], ['Ukraine', 'Ukraine#!#UKR', ['Eastern Europe#!#151'], ['Agriculture', 'Agriunspecified', 'Food crops', 'Livestock', 'Non-food agricultural commodities'], 1, 36.9565217391304, 'dummy'], ['United Arab Emirates', 'United Arab Emirates#!#ARE', ['Middle East#!#145'], ['Agriculture', 'Agriunspecified', 'Conservation', 'Food crops', 'Forestry', 'For wood and fibre', 'Livestock', 'Non-food agricultural commodities', 'Other (please specify)', 'Tourism'], 24, 37.0420855639873, 'dummy'], ['United Kingdom of Great Britain and Northern Ireland', 'United Kingdom of Great Britain and Northern Ireland#!#GBR', ['Northern Europe#!#154'], ['Agriculture', 'Agriunspecified', 'Biofuels', 'Conservation', 'Food crops', 'For carbon sequestration/REDD', 'Forestry', 'For wood and fibre', 'Livestock', 'Non-food agricultural commodities', 'Other (please specify)', 'Renewable Energy', 'Tourism'], 107, 41.5926960244331, 'dummy'], ['United Republic of Tanzania', 'United Republic of Tanzania#!#TZA', ['Eastern Africa#!#14'], ['Agriculture', 'Biofuels', 'Food crops', 'Renewable Energy'], 5, 47.0610666451074, 'dummy'], ['United States of America', 'United States of America#!#USA', ['Northern America#!#21'], ['Agriculture', 'Agriunspecified', 'Biofuels', 'Conservation', 'Food crops', 'For carbon sequestration/REDD', 'Forestry', 'For wood and fibre', 'Livestock', 'Non-food agricultural commodities', 'Other (please specify)', 'Renewable Energy', 'Tourism', None], 82, 44.4557657344055, 'dummy'], ['Uruguay', 'Uruguay#!#URY', ['South America#!#5'], ['Other (please specify)'], 1, 41.025641025641, 'dummy'], ['Viet Nam', 'Viet Nam#!#VNM', ['South-East Asia#!#35'], ['Agriculture', 'Agriunspecified', 'Biofuels', 'Conservation', 'Food crops', 'For carbon sequestration/REDD', 'Forestry', 'Forestunspecified', 'For wood and fibre', 'Industry', 'Livestock', 'Non-food agricultural commodities', 'Tourism'], 49, 45.9805077501782, 'dummy'], ['Zambia', 'Zambia#!#ZMB', ['Eastern Africa#!#14'], ['Agriculture', 'Biofuels'], 2, 48.9044289044289, 'dummy'], ['Zimbabwe', 'Zimbabwe#!#ZWE', ['Eastern Africa#!#14'], ['Agriculture', 'Biofuels', 'Conservation', 'Food crops', 'Forestry', 'For wood and fibre'], 6, 36.4268817663818, 'dummy']]
