/en/get-the-detail/by-crop/
{'data': ['{"columns": ["crop", "intention", "deal_count", "availability"], "filters": {"deal_scope": "transnational", "order_by": ["crop"], "group_by": "crop", "limit": "", "activity": {"tags": {"pi_negotiation_status__in": ["Concluded (Oral Agreement)", "Concluded (Contract signed)"]}}, "group_value": "", "investor": {"tags": {}}, "starts_with": null}}']}
[[u'crop', None, u'Agriculture##!##Agriunspecified##!##Biofuels##!##Conservation##!##Food crops##!##For carbon sequestration/REDD##!##For wood and fibre##!##Forestry##!##Forestunspecified##!##Industry##!##Livestock##!##Other (please specify)##!##Renewable Energy##!##Tourism', 148, 39.76491518522468, u'dummy'], [u'crop', u'Accacia#!#ACC', u'Agriculture##!##Agriunspecified##!##Biofuels##!##Conservation##!##Food crops##!##For carbon sequestration/REDD##!##For wood and fibre##!##Forestry##!##Forestunspecified##!##Non-food agricultural commodities', 22, 46.516776486821186, u'dummy'], [u'crop', u'Alfalfa#!#ALF', u'Agriculture##!##Agriunspecified##!##Food crops##!##Livestock##!##Non-food agricultural commodities', 12, 39.73782055318232, u'dummy'], [u'crop', u'Algae#!#ALG', u'Agriculture##!##Biofuels', 1, 34.2857142857143, u'dummy'], [u'crop', u'Aloe Vera#!#ALV', u'Agriculture##!##Food crops', 1, 37.2881355932203, u'dummy'], [u'crop', u'Bamboo#!#BAM', u'Agriculture##!##Biofuels##!##Renewable Energy', 2, 54.983388704318955, u'dummy'], [u'crop', u'Banana#!#BAN', u'Agriculture##!##Food crops##!##Livestock##!##Non-food agricultural commodities', 13, 38.03578256148815, u'dummy'], [u'crop', u'Barley#!#BRL', u'Agriculture##!##Agriunspecified##!##Biofuels##!##Conservation##!##Food crops##!##Industry##!##Livestock##!##Non-food agricultural commodities##!##Tourism', 27, 46.71585804481999, u'dummy'], [u'crop', u'Bean#!#BEA', u'Agriculture##!##Biofuels##!##Food crops##!##Non-food agricultural commodities', 7, 38.353160739134175, u'dummy'], [u'crop', u'Buckwheat#!#BWT', u'Agriculture##!##Food crops##!##Livestock', 1, 61.62790697674419, u'dummy'], [u'crop', u'Cacao#!#CAC', u'Agriculture##!##Agriunspecified##!##Biofuels##!##Food crops##!##For wood and fibre##!##Forestry##!##Non-food agricultural commodities', 11, 44.599355248671166, u'dummy'], [u'crop', u'Canola#!#CNL', u'Agriculture##!##Food crops', 2, 56.41025641025645, u'dummy'], [u'crop', u'Cashew#!#CAW', u'Agriculture##!##Agriunspecified##!##Food crops##!##For wood and fibre##!##Forestry##!##Industry##!##Livestock##!##Non-food agricultural commodities', 6, 42.894747751108895, u'dummy'], [u'crop', u'Cassava (Maniok)#!#CAS', u'Agriculture##!##Agriunspecified##!##Biofuels##!##Food crops##!##For carbon sequestration/REDD##!##Forestry##!##Forestunspecified##!##Non-food agricultural commodities##!##Renewable Energy', 23, 44.69824379923067, u'dummy'], [u'crop', u'Castor Oil Plant#!#CST', u'Agriculture##!##Biofuels##!##Food crops##!##For wood and fibre##!##Forestry##!##Non-food agricultural commodities', 5, 26.990943063067398, u'dummy'], [u'crop', u'Cereals (no specification)#!#CRL', u'Agriculture##!##Agriunspecified##!##Food crops##!##Industry##!##Livestock', 9, 43.80628316701762, u'dummy'], [u'crop', u'Chat#!#CHA', u'Agriculture##!##Biofuels', 1, 48.936170212766, u'dummy'], [u'crop', u'Citrus Fruits#!#CTR', u'Agriculture##!##Biofuels##!##Food crops##!##Non-food agricultural commodities', 5, 47.54912797838367, u'dummy'], [u'crop', u'Coconut#!#COC', u'Agriculture##!##Agriunspecified##!##Biofuels##!##Food crops##!##For wood and fibre##!##Forestry', 6, 42.12141948914213, u'dummy'], [u'crop', u'Coffee Plant#!#COF', u'Agriculture##!##Agriunspecified##!##Biofuels##!##Food crops##!##Forestry##!##Industry##!##Livestock##!##Non-food agricultural commodities##!##Renewable Energy##!##Tourism', 19, 42.2524885701622, u'dummy'], [u'crop', u'Corn (Maize)#!#CRN', u'Agriculture##!##Agriunspecified##!##Biofuels##!##Conservation##!##Food crops##!##For carbon sequestration/REDD##!##For wood and fibre##!##Forestry##!##Industry##!##Livestock##!##Non-food agricultural commodities##!##Other (please specify)##!##Renewable Energy', 132, 44.9173741134376, u'dummy'], [u'crop', u'Cotton#!#COT', u'Agriculture##!##Biofuels##!##Food crops##!##Non-food agricultural commodities', 26, 45.3144491770657, u'dummy'], [u'crop', u'Dill#!#DIL', u'Agriculture##!##Food crops', 1, 45.2380952380952, u'dummy'], [u'crop', u'Eucalyptus#!#EUC', u'Agriculture##!##Agriunspecified##!##Biofuels##!##Conservation##!##Food crops##!##For carbon sequestration/REDD##!##For wood and fibre##!##Forestry##!##Forestunspecified##!##Industry##!##Livestock##!##Non-food agricultural commodities##!##Renewable Energy', 57, 43.2842889834331, u'dummy'], [u'crop', u'Flowers#!#FLW', u'Agriculture##!##Food crops##!##Non-food agricultural commodities', 3, 48.43354222800802, u'dummy'], [u'crop', u'Fodder Plants#!#FOD', u'Agriculture##!##Agriunspecified##!##Biofuels##!##Conservation##!##Food crops##!##Industry##!##Livestock##!##Non-food agricultural commodities##!##Tourism', 12, 44.41006518553184, u'dummy'], [u'crop', u'Food crops (no specification)#!#FOO', u'Agriculture##!##Agriunspecified##!##Biofuels##!##Food crops##!##Livestock##!##Non-food agricultural commodities##!##Renewable Energy', 20, 42.7517284372093, u'dummy'], [u'crop', u'Fruit#!#FRT', u'Agriculture##!##Biofuels##!##Food crops##!##Forestry##!##Industry##!##Livestock##!##Non-food agricultural commodities', 20, 43.21008448728597, u'dummy'], [u'crop', u'Glucose Syrup#!#GLU', u'Agriculture##!##Biofuels##!##Food crops##!##Renewable Energy', 1, 39.534883720930196, u'dummy'], [u'crop', u'Grains#!#GRN', u'Agriculture##!##Agriunspecified##!##Biofuels##!##Conservation##!##Food crops##!##Forestry##!##Livestock##!##Non-food agricultural commodities##!##Tourism', 16, 46.388311504181885, u'dummy'], [u'crop', u'Grapes#!#GRA', u'Agriculture##!##Food crops##!##Non-food agricultural commodities', 9, 43.63141726325664, u'dummy'], [u'crop', u'Herbs (no specification)#!#HRB', u'Agriculture##!##Food crops##!##Industry', 1, 44.7368421052632, u'dummy'], [u'crop', u'Jatropha#!#JTR', u'Agriculture##!##Agriunspecified##!##Biofuels##!##Food crops##!##For carbon sequestration/REDD##!##For wood and fibre##!##Forestry##!##Industry##!##Livestock##!##Non-food agricultural commodities##!##Renewable Energy', 87, 42.310479155157154, u'dummy'], [u'crop', u'Mango#!#MAN', u'Agriculture##!##Food crops##!##Forestry##!##Forestunspecified', 5, 41.215456943011134, u'dummy'], [u'crop', u'Oil Palm#!#OPL', u'Agriculture##!##Agriunspecified##!##Biofuels##!##Food crops##!##For carbon sequestration/REDD##!##For wood and fibre##!##Forestry##!##Industry##!##Livestock##!##Non-food agricultural commodities##!##Other (please specify)##!##Renewable Energy##!##Tourism', 205, 44.78782774811709, u'dummy'], [u'crop', u'Oil Seeds#!#OIL', u'Agriculture##!##Agriunspecified##!##Biofuels##!##Food crops##!##Livestock##!##Non-food agricultural commodities', 15, 46.45454146022681, u'dummy'], [u'crop', u'Oleagionous plant#!#OLE', u'Agriculture##!##Food crops', 2, 30.067623288800934, u'dummy'], [u'crop', u'Olives#!#OLV', u'Agriculture##!##Biofuels##!##Food crops##!##For wood and fibre##!##Forestry', 5, 32.211435455002515, u'dummy'], [u'crop', u'Onion#!#ONI', u'Agriculture##!##Food crops##!##Industry##!##Livestock', 6, 45.68465343334689, u'dummy'], [u'crop', u'Palms#!#PAL', u'Agriculture##!##Food crops', 1, 51.063829787234, u'dummy'], [u'crop', u'Papaya#!#PAP', u'Agriculture##!##Food crops', 3, 39.17948717948718, u'dummy'], [u'crop', u'Peanut#!#PEA', u'Agriculture##!##Agriunspecified##!##Biofuels##!##Food crops##!##For carbon sequestration/REDD##!##Forestry##!##Non-food agricultural commodities##!##Renewable Energy', 12, 51.451025270901624, u'dummy'], [u'crop', u'Peas#!#PES', u'Agriculture##!##Agriunspecified##!##Biofuels##!##Food crops', 5, 48.722201453115105, u'dummy'], [u'crop', u'Pepper #!#PEP', u'Agriculture##!##Agriunspecified##!##Food crops', 2, 39.08424908424905, u'dummy'], [u'crop', u'Pine#!#PIE', u'Agriculture##!##Agriunspecified##!##Conservation##!##Food crops##!##For carbon sequestration/REDD##!##For wood and fibre##!##Forestry##!##Livestock##!##Non-food agricultural commodities', 20, 41.42150549941755, u'dummy'], [u'crop', u'Pineapple#!#PIN', u'Agriculture##!##Biofuels##!##Food crops##!##Livestock##!##Non-food agricultural commodities', 11, 40.19007067998104, u'dummy'], [u'crop', u'Pongamia Pinnata#!#PON', u'Agriculture##!##Biofuels##!##Food crops', 1, 63.82978723404259, u'dummy'], [u'crop', u'Potatoes#!#PTT', u'Agriculture##!##Food crops##!##Livestock##!##Non-food agricultural commodities', 15, 36.971102714951, u'dummy'], [u'crop', u'Pulses#!#PLS', u'Agriculture##!##Food crops', 3, 43.41276595744684, u'dummy'], [u'crop', u'Rapeseed#!#RAP', u'Agriculture##!##Agriunspecified##!##Biofuels##!##Food crops##!##Livestock##!##Non-food agricultural commodities##!##Other (please specify)', 21, 52.4329471647467, u'dummy'], [u'crop', u'Rice (hybrid)#!#RCH', u'Agriculture##!##Food crops##!##Livestock##!##Non-food agricultural commodities', 9, 43.47723343201488, u'dummy'], [u'crop', u'Rice#!#RIC', u'Agriculture##!##Agriunspecified##!##Biofuels##!##Food crops##!##For carbon sequestration/REDD##!##For wood and fibre##!##Forestry##!##Industry##!##Livestock##!##Non-food agricultural commodities##!##Renewable Energy', 74, 47.29036652106181, u'dummy'], [u'crop', u'Roses#!#ROS', u'Agriculture##!##Non-food agricultural commodities', 1, 38.2978723404255, u'dummy'], [u'crop', u'Rubber#!#RUB', u'Agriculture##!##Agriunspecified##!##Biofuels##!##Conservation##!##Food crops##!##For wood and fibre##!##Forestry##!##Forestunspecified##!##Industry##!##Livestock##!##Non-food agricultural commodities##!##Other (please specify)##!##Renewable Energy##!##Tourism', 139, 47.50352836487604, u'dummy'], [u'crop', u'Rye#!#RYE', u'Agriculture##!##Food crops##!##Livestock##!##Non-food agricultural commodities', 3, 56.88344437280607, u'dummy'], [u'crop', u'Seed Production#!#SEE', u'Agriculture##!##Non-food agricultural commodities', 1, 46.5116279069767, u'dummy'], [u'crop', u'Sesame#!#SES', u'Agriculture##!##Agriunspecified##!##Biofuels##!##Food crops##!##Non-food agricultural commodities', 8, 33.73523142389526, u'dummy'], [u'crop', u'Sorghum#!#SOR', u'Agriculture##!##Agriunspecified##!##Biofuels##!##Food crops##!##For carbon sequestration/REDD##!##Forestry##!##Livestock##!##Non-food agricultural commodities', 23, 37.75673693136088, u'dummy'], [u'crop', u'Soya Beans#!#SOY', u'Agriculture##!##Agriunspecified##!##Biofuels##!##Conservation##!##Food crops##!##For wood and fibre##!##Forestry##!##Industry##!##Livestock##!##Non-food agricultural commodities##!##Renewable Energy', 98, 41.64199811353738, u'dummy'], [u'crop', u'Sugar (no specification)#!#SUG', u'Agriculture##!##Biofuels##!##Food crops##!##Non-food agricultural commodities', 6, 39.361277241689535, u'dummy'], [u'crop', u'Sugar beet#!#SUB', u'Agriculture##!##Agriunspecified##!##Food crops##!##Livestock##!##Non-food agricultural commodities', 7, 48.22304763197132, u'dummy'], [u'crop', u'Sugar Cane#!#SUC', u'Agriculture##!##Agriunspecified##!##Biofuels##!##Conservation##!##Food crops##!##Industry##!##Livestock##!##Non-food agricultural commodities##!##Renewable Energy', 79, 45.810856139102114, u'dummy'], [u'crop', u'Sun Flower#!#SUN', u'Agriculture##!##Agriunspecified##!##Biofuels##!##Food crops##!##Livestock##!##Non-food agricultural commodities##!##Other (please specify)##!##Renewable Energy', 48, 50.94674844684547, u'dummy'], [u'crop', u'Sweet Potatoes#!#SWP', u'Agriculture##!##Biofuels##!##Food crops', 3, 54.485175202156334, u'dummy'], [u'crop', u'Tea#!#TEA', u'Agriculture##!##Biofuels##!##Food crops##!##For wood and fibre##!##Forestry##!##Non-food agricultural commodities##!##Renewable Energy', 12, 41.27363449824667, u'dummy'], [u'crop', u'Teak#!#TEK', u'Agriculture##!##Agriunspecified##!##Biofuels##!##Conservation##!##Food crops##!##For carbon sequestration/REDD##!##For wood and fibre##!##Forestry##!##Forestunspecified##!##Livestock##!##Non-food agricultural commodities', 18, 44.158150745398565, u'dummy'], [u'crop', u'Teff#!#TEF', u'Agriculture##!##Food crops', 1, 64.1025641025641, u'dummy'], [u'crop', u'Tomatoes#!#TOM', u'Agriculture##!##Agriunspecified##!##Biofuels##!##Food crops##!##For wood and fibre##!##Forestry##!##Livestock##!##Non-food agricultural commodities##!##Other (please specify)', 8, 48.41748343135945, u'dummy'], [u'crop', u'Trees#!#TRE', u'Agriculture##!##Agriunspecified##!##Biofuels##!##Conservation##!##Food crops##!##For carbon sequestration/REDD##!##For wood and fibre##!##Forestry##!##Forestunspecified##!##Industry##!##Livestock##!##Non-food agricultural commodities##!##Renewable Energy##!##Tourism', 64, 46.65347614756136, u'dummy'], [u'crop', u'Vegetables#!#VGT', u'Agriculture##!##Agriunspecified##!##Biofuels##!##Food crops##!##Forestry##!##Industry##!##Livestock##!##Non-food agricultural commodities', 29, 46.452054329178665, u'dummy'], [u'crop', u'Vineyard#!#VIN', u'Agriculture##!##Agriunspecified##!##Food crops', 2, 56.5609087348218, u'dummy'], [u'crop', u'Wheat#!#WHT', u'Agriculture##!##Agriunspecified##!##Biofuels##!##Conservation##!##Food crops##!##Industry##!##Livestock##!##Non-food agricultural commodities##!##Other (please specify)##!##Tourism', 81, 44.048393570507166, u'dummy']]
