/en/get-the-detail/by-data-source-type/
{'data': ['{"columns": ["data_source_type", "intention", "deal_count", "availability"], "filters": {"deal_scope": "transnational", "order_by": ["data_source_type"], "group_by": "data_source_type", "limit": "", "activity": {"tags": {"pi_negotiation_status__in": ["Concluded (Oral Agreement)", "Concluded (Contract signed)"]}}, "group_value": "", "investor": {"tags": {}}, "starts_with": null}}']}
[[u'data_source_type', u'Company sources', u'Agriculture##!##Agriunspecified##!##Biofuels##!##Conservation##!##Food crops##!##For carbon sequestration/REDD##!##For wood and fibre##!##Forestry##!##Forestunspecified##!##Industry##!##Livestock##!##Non-food agricultural commodities##!##Other (please specify)##!##Renewable Energy##!##Tourism', 624, 44.20099313383741, u'dummy'], [u'data_source_type', u'Contract', u'Agriculture##!##Agriunspecified##!##Biofuels##!##Conservation##!##Food crops##!##For carbon sequestration/REDD##!##For wood and fibre##!##Forestry##!##Forestunspecified##!##Industry##!##Non-food agricultural commodities##!##Other (please specify)##!##Renewable Energy##!##Tourism', 69, 50.84842822866678, u'dummy'], [u'data_source_type', u'Crowdsourcing', u'Agriculture##!##Biofuels##!##Food crops##!##Livestock', 5, 48.63750960727516, u'dummy'], [u'data_source_type', u'Government sources', u'Agriculture##!##Agriunspecified##!##Biofuels##!##Conservation##!##Food crops##!##For carbon sequestration/REDD##!##For wood and fibre##!##Forestry##!##Forestunspecified##!##Industry##!##Livestock##!##Non-food agricultural commodities##!##Other (please specify)##!##Renewable Energy##!##Tourism', 253, 45.11927985634532, u'dummy'], [u'data_source_type', u'Media report', u'Agriculture##!##Agriunspecified##!##Biofuels##!##Conservation##!##Food crops##!##For carbon sequestration/REDD##!##For wood and fibre##!##Forestry##!##Forestunspecified##!##Industry##!##Livestock##!##Non-food agricultural commodities##!##Other (please specify)##!##Renewable Energy##!##Tourism', 654, 47.794712375001886, u'dummy'], [u'data_source_type', u'Other (Please specify in comment  field)', u'Agriculture##!##Agriunspecified##!##Biofuels##!##Food crops##!##For carbon sequestration/REDD##!##For wood and fibre##!##Forestry##!##Industry##!##Livestock##!##Non-food agricultural commodities', 45, 48.314512235328536, u'dummy'], [u'data_source_type', u'Personal information', u'Agriculture##!##Agriunspecified##!##Biofuels##!##Conservation##!##Food crops##!##For carbon sequestration/REDD##!##For wood and fibre##!##Forestry##!##Forestunspecified##!##Industry##!##Livestock##!##Non-food agricultural commodities##!##Renewable Energy##!##Tourism', 127, 46.85484040074633, u'dummy'], [u'data_source_type', u'Research Paper / Policy Report', u'Agriculture##!##Agriunspecified##!##Biofuels##!##Conservation##!##Food crops##!##For carbon sequestration/REDD##!##For wood and fibre##!##Forestry##!##Forestunspecified##!##Industry##!##Livestock##!##Non-food agricultural commodities##!##Other (please specify)##!##Renewable Energy##!##Tourism', 502, 48.56937993471883, u'dummy']]
