/en/get-the-detail/by-target-country/
{'data': ['{"columns": ["target_country", "target_region", "intention", "deal_count", "availability"], "filters": {"deal_scope": "transnational", "order_by": ["target_country"], "group_by": "target_country", "limit": "", "activity": {"tags": {"pi_negotiation_status__in": ["Concluded (Oral Agreement)", "Concluded (Contract signed)"]}}, "group_value": "", "investor": {"tags": {}}, "starts_with": null}}']}
[[u'target_country', u'Angola', u'Central Africa', u'Agriculture##!##Biofuels##!##Food crops##!##Renewable Energy', 8, 41.97179952912586, u'dummy'], [u'target_country', u'Argentina', u'South America', u'Agriculture##!##Agriunspecified##!##Conservation##!##Food crops##!##For wood and fibre##!##Forestry##!##Livestock##!##Other (please specify)##!##Tourism', 25, 29.277773976964482, u'dummy'], [u'target_country', u'Benin', u'Western Africa', u'Agriculture##!##Biofuels##!##Food crops##!##Renewable Energy', 3, 42.888680668235956, u'dummy'], [u'target_country', u'Bolivia (Plurinational State of)', u'South America', u'Agriculture##!##Agriunspecified##!##Food crops', 3, 45.1258830564784, u'dummy'], [u'target_country', u'Brazil', u'South America', u'Agriculture##!##Biofuels##!##Food crops##!##For wood and fibre##!##Forestry##!##Forestunspecified##!##Livestock##!##Non-food agricultural commodities', 48, 50.5928118078882, u'dummy'], [u'target_country', u'Bulgaria', u'Eastern Europe', u'Agriculture##!##Food crops##!##Other (please specify)', 1, 74.39024390243901, u'dummy'], [u'target_country', u'Burkina Faso', u'Western Africa', u'Agriculture##!##Biofuels##!##Food crops##!##Renewable Energy', 3, 41.48293566898221, u'dummy'], [u'target_country', u'Cambodia', u'South-East Asia', u'Agriculture##!##Agriunspecified##!##Biofuels##!##Conservation##!##Food crops##!##For carbon sequestration/REDD##!##For wood and fibre##!##Forestry##!##Forestunspecified##!##Industry##!##Livestock##!##Non-food agricultural commodities##!##Other (please specify)##!##Tourism', 104, 47.29905426856141, u'dummy'], [u'target_country', u'Cameroon', u'Central Africa', u'Agriculture##!##Agriunspecified##!##Biofuels##!##Food crops##!##Non-food agricultural commodities', 6, 50.26553390645072, u'dummy'], [u'target_country', u'Central African Republic', u'Central Africa', u'Agriculture##!##Food crops', 1, 39.5348837209302, u'dummy'], [u'target_country', u'Chile', u'South America', u'Agriculture##!##Food crops##!##For wood and fibre##!##Forestry', 4, 41.21864884913539, u'dummy'], [u'target_country', u'China', u'Eastern Asia', u'Agriculture##!##Biofuels##!##Food crops##!##For wood and fibre##!##Forestry##!##Industry##!##Livestock', 11, 53.24959618153118, u'dummy'], [u'target_country', u'Colombia', u'South America', u'Agriculture##!##Biofuels##!##Food crops##!##For wood and fibre##!##Forestry', 19, 34.381723370755125, u'dummy'], [u'target_country', u'Congo', u'Central Africa', u'Agriculture##!##Agriunspecified##!##Biofuels##!##Food crops##!##For carbon sequestration/REDD##!##For wood and fibre##!##Forestry##!##Livestock##!##Non-food agricultural commodities##!##Renewable Energy', 7, 55.78261957476707, u'dummy'], [u'target_country', u'Costa Rica', u'Central America', u'Agriculture##!##Conservation##!##Food crops##!##For wood and fibre##!##Forestry##!##Tourism', 2, 50.370370370370374, u'dummy'], [u'target_country', u"C\xf4te d'Ivoire", u'Western Africa', u'Agriculture##!##Agriunspecified##!##Food crops##!##Non-food agricultural commodities', 7, 31.890588119435915, u'dummy'], [u'target_country', u'Cuba', u'Caribbean', u'Agriculture##!##Food crops', 1, 42.8571428571429, u'dummy'], [u'target_country', u'Democratic Republic of the Congo', u'Central Africa', u'Agriculture##!##Agriunspecified##!##Biofuels##!##Food crops##!##For carbon sequestration/REDD##!##For wood and fibre##!##Forestry##!##Non-food agricultural commodities', 11, 51.85309288443771, u'dummy'], [u'target_country', u'Egypt', u'Northern Africa', u'Agriculture##!##Food crops##!##Non-food agricultural commodities', 8, 37.287808859192644, u'dummy'], [u'target_country', u'Ethiopia', u'Eastern Africa', u'Agriculture##!##Agriunspecified##!##Biofuels##!##Conservation##!##Food crops##!##For wood and fibre##!##Forestry##!##Livestock##!##Non-food agricultural commodities', 58, 48.01931086029434, u'dummy'], [u'target_country', u'Gabon', u'Central Africa', u'Agriculture##!##Agriunspecified##!##Food crops##!##Livestock##!##Non-food agricultural commodities##!##Tourism', 3, 63.439196677828654, u'dummy'], [u'target_country', u'Gambia', u'Western Africa', u'Agriculture##!##Biofuels', 1, 34.2857142857143, u'dummy'], [u'target_country', u'Georgia', u'Middle East', u'Agriculture##!##Food crops', 1, 16.7778, u'dummy'], [u'target_country', u'Ghana', u'Western Africa', u'Agriculture##!##Agriunspecified##!##Biofuels##!##Food crops##!##For carbon sequestration/REDD##!##For wood and fibre##!##Forestry##!##Livestock##!##Non-food agricultural commodities##!##Renewable Energy', 30, 45.30596615949064, u'dummy'], [u'target_country', u'Guatemala', u'Central America', u'Agriculture##!##Biofuels', 2, 42.915855505083265, u'dummy'], [u'target_country', u'Guinea', u'Western Africa', u'Agriculture##!##Agriunspecified##!##Biofuels##!##Food crops##!##Non-food agricultural commodities', 6, 24.532395828398833, u'dummy'], [u'target_country', u'Guinea-Bissau', u'Western Africa', u'Agriculture##!##Food crops', 1, 42.5531914893617, u'dummy'], [u'target_country', u'Guyana', u'South America', u'Agriculture##!##Biofuels##!##Food crops##!##For wood and fibre##!##Forestry##!##Non-food agricultural commodities##!##Renewable Energy', 4, 52.27667984189725, u'dummy'], [u'target_country', u'Honduras', u'Central America', u'Agriculture##!##Food crops##!##Tourism', 2, 35.04409171075837, u'dummy'], [u'target_country', u'India', u'South Asia', u'Agriculture##!##Biofuels##!##Food crops##!##Industry##!##Other (please specify)##!##Renewable Energy', 12, 57.53651853824614, u'dummy'], [u'target_country', u'Indonesia', u'South-East Asia', u'Agriculture##!##Agriunspecified##!##Biofuels##!##Food crops##!##For wood and fibre##!##Forestry##!##Non-food agricultural commodities', 120, 43.00795406791029, u'dummy'], [u'target_country', u'Jamaica', u'Caribbean', u'Agriculture##!##Food crops', 1, 46.5116279069767, u'dummy'], [u'target_country', u'Kazakhstan', u'Central Asia', u'Agriculture##!##Food crops', 1, 38.4615384615385, u'dummy'], [u'target_country', u'Kenya', u'Eastern Africa', u'Agriculture##!##Biofuels##!##Food crops##!##Livestock##!##Non-food agricultural commodities##!##Renewable Energy', 5, 51.85655240101701, u'dummy'], [u'target_country', u"Lao People's Democratic Republic", u'South-East Asia', u'Agriculture##!##Agriunspecified##!##Biofuels##!##Food crops##!##For wood and fibre##!##Forestry##!##Forestunspecified##!##Industry##!##Livestock##!##Non-food agricultural commodities##!##Tourism', 55, 51.63454234539545, u'dummy'], [u'target_country', u'Liberia', u'Western Africa', u'Agriculture##!##Agriunspecified##!##Biofuels##!##Food crops##!##For carbon sequestration/REDD##!##For wood and fibre##!##Forestry##!##Non-food agricultural commodities##!##Renewable Energy', 14, 62.57779824150888, u'dummy'], [u'target_country', u'Lithuania', u'Northern Europe', u'Agriculture##!##Food crops##!##Non-food agricultural commodities', 2, 56.38297872340427, u'dummy'], [u'target_country', u'Madagascar', u'Eastern Africa', u'Agriculture##!##Biofuels##!##Food crops##!##Forestry##!##Forestunspecified', 9, 45.75332570041467, u'dummy'], [u'target_country', u'Malawi', u'Eastern Africa', u'Agriculture##!##Biofuels##!##Food crops', 4, 42.03426020473579, u'dummy'], [u'target_country', u'Malaysia', u'South-East Asia', u'Agriculture##!##Agriunspecified##!##Biofuels##!##Food crops##!##Forestry##!##Industry##!##Other (please specify)', 5, 39.58045210353665, u'dummy'], [u'target_country', u'Mali', u'Western Africa', u'Agriculture##!##Biofuels##!##Food crops##!##Livestock##!##Other (please specify)##!##Renewable Energy', 9, 47.95444455137931, u'dummy'], [u'target_country', u'Mauritania', u'Western Africa', u'Agriculture##!##Food crops', 2, 41.165413533834595, u'dummy'], [u'target_country', u'Mauritius', u'Eastern Africa', u'Agriculture##!##Food crops', 1, 54.7619047619048, u'dummy'], [u'target_country', u'Mexico', u'Central America', u'Agriculture##!##Biofuels##!##Renewable Energy', 5, 33.96078022261977, u'dummy'], [u'target_country', u'Mongolia', u'Eastern Asia', u'Agriculture##!##Conservation##!##Food crops##!##Livestock##!##Tourism', 2, 62.14439076757916, u'dummy'], [u'target_country', u'Morocco', u'Northern Africa', u'Agriculture##!##Food crops##!##Livestock##!##Other (please specify)', 4, 38.419401948813714, u'dummy'], [u'target_country', u'Mozambique', u'Eastern Africa', u'Agriculture##!##Agriunspecified##!##Biofuels##!##Conservation##!##Food crops##!##For carbon sequestration/REDD##!##For wood and fibre##!##Forestry##!##Livestock##!##Non-food agricultural commodities##!##Renewable Energy##!##Tourism', 72, 29.450853026671556, u'dummy'], [u'target_country', u'Myanmar', u'South-East Asia', u'Agriculture##!##Agriunspecified##!##Industry##!##Renewable Energy', 3, 41.0678221745021, u'dummy'], [u'target_country', u'Namibia', u'Southern Africa', u'Agriculture##!##Food crops', 1, 51.063829787234, u'dummy'], [u'target_country', u'Nicaragua', u'Central America', u'Agriculture##!##Conservation##!##For wood and fibre##!##Forestry##!##Renewable Energy', 4, 42.898952898952885, u'dummy'], [u'target_country', u'Nigeria', u'Western Africa', u'Agriculture##!##Agriunspecified##!##Biofuels##!##Food crops##!##Industry##!##Livestock##!##Non-food agricultural commodities##!##Renewable Energy', 18, 52.47881992131811, u'dummy'], [u'target_country', u'Pakistan', u'South Asia', u'Agriculture##!##Agriunspecified##!##Biofuels##!##Food crops', 4, 39.96244560321748, u'dummy'], [u'target_country', u'Papua New Guinea', u'Melanesia', u'Agriculture##!##Agriunspecified##!##Biofuels##!##Food crops##!##For wood and fibre##!##Forestry##!##Livestock##!##Non-food agricultural commodities##!##Other (please specify)', 39, 47.322634212331465, u'dummy'], [u'target_country', u'Paraguay', u'South America', u'Agriculture##!##Agriunspecified##!##Conservation##!##Food crops##!##For wood and fibre##!##Forestry##!##Livestock', 9, 42.92307179403589, u'dummy'], [u'target_country', u'Peru', u'South America', u'Agriculture##!##Food crops##!##Non-food agricultural commodities##!##Other (please specify)', 8, 42.749910432965706, u'dummy'], [u'target_country', u'Philippines', u'South-East Asia', u'Agriculture##!##Biofuels##!##Food crops##!##Livestock', 14, 43.01388057082679, u'dummy'], [u'target_country', u'Romania', u'Eastern Europe', u'Agriculture##!##Agriunspecified##!##Biofuels##!##Conservation##!##Food crops##!##For wood and fibre##!##Forestry##!##Forestunspecified##!##Livestock##!##Non-food agricultural commodities', 18, 63.206892136564576, u'dummy'], [u'target_country', u'Russian Federation', u'Eastern Europe', u'Agriculture##!##Agriunspecified##!##Food crops##!##For wood and fibre##!##Forestry##!##Industry##!##Livestock##!##Non-food agricultural commodities', 19, 48.1183516370775, u'dummy'], [u'target_country', u'Rwanda', u'Eastern Africa', u'Agriculture##!##Biofuels##!##Food crops##!##For wood and fibre##!##Forestry', 3, 24.943326530612257, u'dummy'], [u'target_country', u'Sao Tome and Principe', u'Central Africa', u'Agriculture##!##Agriunspecified', 1, 54.0, u'dummy'], [u'target_country', u'Senegal', u'Western Africa', u'Agriculture##!##Biofuels##!##Food crops##!##For carbon sequestration/REDD##!##Forestry##!##Non-food agricultural commodities', 14, 49.05098753525213, u'dummy'], [u'target_country', u'Sierra Leone', u'Western Africa', u'Agriculture##!##Agriunspecified##!##Biofuels##!##Food crops##!##For carbon sequestration/REDD##!##For wood and fibre##!##Forestry##!##Non-food agricultural commodities##!##Other (please specify)##!##Renewable Energy', 20, 49.83438050956083, u'dummy'], [u'target_country', u'South Africa', u'Southern Africa', u'Agriculture##!##Food crops##!##For wood and fibre##!##Forestry', 4, 40.79894193673198, u'dummy'], [u'target_country', u'South Sudan', u'Northern Africa', u'Agriculture##!##Conservation##!##Food crops##!##For carbon sequestration/REDD##!##For wood and fibre##!##Forestry##!##Tourism', 9, 44.15383769077516, u'dummy'], [u'target_country', u'Sri Lanka', u'South Asia', u'Tourism', 1, 50.0, u'dummy'], [u'target_country', u'Sudan', u'Northern Africa', u'Agriculture##!##Biofuels##!##Food crops##!##Livestock##!##Non-food agricultural commodities##!##Renewable Energy', 19, 38.3964738946711, u'dummy'], [u'target_country', u'Swaziland', u'Southern Africa', u'Agriculture##!##Food crops##!##For wood and fibre##!##Forestry', 2, 37.83542039355995, u'dummy'], [u'target_country', u'Thailand', u'South-East Asia', u'Agriculture##!##Biofuels##!##Industry##!##Non-food agricultural commodities', 2, 41.30304123091717, u'dummy'], [u'target_country', u'Timor-Leste', u'South-East Asia', u'Agriculture##!##Biofuels##!##Food crops##!##Industry##!##Non-food agricultural commodities', 4, 59.78978552997265, u'dummy'], [u'target_country', u'Tunisia', u'Northern Africa', u'Agriculture##!##Food crops', 1, 33.3333333333333, u'dummy'], [u'target_country', u'Turkey', u'Middle East', u'Agriculture##!##Food crops', 1, 13.7778, u'dummy'], [u'target_country', u'Uganda', u'Eastern Africa', u'Agriculture##!##Agriunspecified##!##Biofuels##!##Food crops##!##For carbon sequestration/REDD##!##For wood and fibre##!##Forestry##!##Industry##!##Livestock##!##Non-food agricultural commodities', 12, 47.58792515146726, u'dummy'], [u'target_country', u'Ukraine', u'Eastern Europe', u'Agriculture##!##Agriunspecified##!##Biofuels##!##Food crops##!##Livestock##!##Non-food agricultural commodities', 16, 58.41403685919388, u'dummy'], [u'target_country', u'United Republic of Tanzania', u'Eastern Africa', u'Agriculture##!##Agriunspecified##!##Biofuels##!##Food crops##!##For carbon sequestration/REDD##!##For wood and fibre##!##Forestry##!##Livestock##!##Non-food agricultural commodities##!##Renewable Energy', 29, 41.15356235622293, u'dummy'], [u'target_country', u'Uruguay', u'South America', u'Agriculture##!##Biofuels##!##Food crops##!##For wood and fibre##!##Forestry##!##Livestock', 39, 42.96192115323781, u'dummy'], [u'target_country', u'Viet Nam', u'South-East Asia', u'Agriculture##!##Conservation##!##For carbon sequestration/REDD##!##For wood and fibre##!##Forestry##!##Livestock##!##Non-food agricultural commodities', 10, 61.27528647011209, u'dummy'], [u'target_country', u'Zambia', u'Eastern Africa', u'Agriculture##!##Agriunspecified##!##Biofuels##!##Food crops##!##Industry##!##Livestock##!##Non-food agricultural commodities', 22, 50.03422203646233, u'dummy'], [u'target_country', u'Zimbabwe', u'Eastern Africa', u'Agriculture##!##Food crops##!##Tourism', 3, 39.716709110807116, u'dummy']]
