
{'data': '{"columns": ["crop", "intention", "deal_count", "availability"], "filters": {"deal_scope": "transnational", "order_by": ["crop"], "group_by": "crop", "limit": "", "activity": {"tags": {"pi_negotiation_status__in": ["Concluded (Oral Agreement)", "Concluded (Contract signed)"]}}, "group_value": "", "investor": {"tags": {}}, "starts_with": null}}'}
[[None, '#!#', 'Agriculture##!##Agriunspecified##!##Biofuels##!##Conservation##!##Food crops##!##For carbon sequestration/REDD##!##Forestry##!##For wood and fibre##!##Industry##!##Livestock##!##Other (please specify)##!##Renewable Energy##!##Tourism', 148, 39.1031763376684, 'dummy'], ['Accacia', 'Accacia#!#ACC', 'Agriculture##!##Agriunspecified##!##Biofuels##!##Conservation##!##Forestry##!##Forestunspecified##!##For wood and fibre##!##Non-food agricultural commodities', 22, 46.8376294144874, 'dummy'], ['Alfalfa', 'Alfalfa#!#ALF', 'Agriculture##!##Agriunspecified##!##Food crops##!##Livestock##!##Non-food agricultural commodities', 10, 38.7098956937615, 'dummy'], ['Algae', 'Algae#!#ALG', 'Agriculture##!##Biofuels', 1, 34.2857142857143, 'dummy'], ['Aloe Vera', 'Aloe Vera#!#ALV', 'Agriculture##!##Food crops', 1, 37.2881355932203, 'dummy'], ['Bamboo', 'Bamboo#!#BAM', 'Agriculture##!##Renewable Energy', 2, 54.3604651162791, 'dummy'], ['Banana', 'Banana#!#BAN', 'Agriculture##!##Food crops##!##Livestock##!##Non-food agricultural commodities', 11, 33.2460137616178, 'dummy'], ['Barley', 'Barley#!#BRL', 'Agriculture##!##Agriunspecified##!##Food crops##!##Livestock##!##Non-food agricultural commodities', 25, 45.0863691439144, 'dummy'], ['Bean', 'Bean#!#BEA', 'Agriculture##!##Food crops', 4, 39.4696407511704, 'dummy'], ['Cacao', 'Cacao#!#CAC', 'Agriculture##!##Agriunspecified##!##Biofuels##!##Food crops##!##Forestry##!##For wood and fibre##!##Non-food agricultural commodities', 10, 40.6567597240816, 'dummy'], ['Canola', 'Canola#!#CNL', 'Agriculture##!##Food crops', 1, 46.1538461538462, 'dummy'], ['Cashew', 'Cashew#!#CAW', 'Agriculture##!##Agriunspecified##!##For wood and fibre##!##Industry##!##Non-food agricultural commodities', 6, 42.9606138908464, 'dummy'], ['Cassava (Maniok)', 'Cassava (Maniok)#!#CAS', 'Agriculture##!##Agriunspecified##!##Biofuels##!##Food crops##!##For carbon sequestration/REDD##!##Renewable Energy', 20, 45.3852636805639, 'dummy'], ['Castor Oil Plant', 'Castor Oil Plant#!#CST', 'Agriculture##!##Food crops##!##Non-food agricultural commodities', 2, 18.3484153452685, 'dummy'], ['Cereals (no specification)', 'Cereals (no specification)#!#CRL', 'Agriculture##!##Food crops##!##Industry##!##Livestock', 7, 41.7971642678601, 'dummy'], ['Citrus Fruits', 'Citrus Fruits#!#CTR', 'Agriculture##!##Food crops##!##Non-food agricultural commodities', 4, 47.3677931010282, 'dummy'], ['Coconut', 'Coconut#!#COC', 'Agriculture##!##Biofuels##!##Food crops', 3, 35.8589447963801, 'dummy'], ['Coffee Plant', 'Coffee Plant#!#COF', 'Agriculture##!##Biofuels##!##Food crops##!##Industry##!##Livestock##!##Non-food agricultural commodities', 16, 43.3530077494182, 'dummy'], ['Corn (Maize)', 'Corn (Maize)#!#CRN', 'Agriculture##!##Agriunspecified##!##Biofuels##!##Conservation##!##Food crops##!##Forestry##!##For wood and fibre##!##Industry##!##Livestock##!##Non-food agricultural commodities##!##Renewable Energy', 76, 42.6456706105596, 'dummy'], ['Cotton', 'Cotton#!#COT', 'Agriculture##!##Food crops##!##Non-food agricultural commodities', 15, 45.9881494248105, 'dummy'], ['Eucalyptus', 'Eucalyptus#!#EUC', 'Agriculture##!##Agriunspecified##!##Conservation##!##Food crops##!##For carbon sequestration/REDD##!##Forestry##!##Forestunspecified##!##For wood and fibre##!##Industry##!##Renewable Energy', 53, 43.4942513776856, 'dummy'], ['Flowers', 'Flowers#!#FLW', 'Agriculture##!##Non-food agricultural commodities', 2, 49.5453765654486, 'dummy'], ['Fodder Plants', 'Fodder Plants#!#FOD', 'Agriculture##!##Agriunspecified##!##Conservation##!##Food crops##!##Industry##!##Livestock##!##Non-food agricultural commodities', 9, 43.5997125918924, 'dummy'], ['Food crops (no specification)', 'Food crops (no specification)#!#FOO', 'Agriculture##!##Agriunspecified##!##Biofuels##!##Food crops##!##Livestock', 20, 40.369690736894, 'dummy'], ['Fruit', 'Fruit#!#FRT', 'Agriculture##!##Food crops##!##Industry##!##Non-food agricultural commodities', 7, 42.2877419126304, 'dummy'], ['Grains', 'Grains#!#GRN', 'Agriculture##!##Agriunspecified##!##Biofuels##!##Conservation##!##Food crops##!##Livestock##!##Non-food agricultural commodities', 13, 44.2187595582799, 'dummy'], ['Grapes', 'Grapes#!#GRA', 'Agriculture##!##Food crops', 6, 40.5223094720779, 'dummy'], ['Herbs (no specification)', 'Herbs (no specification)#!#HRB', 'Agriculture##!##Industry', 1, 44.7368421052632, 'dummy'], ['Jatropha', 'Jatropha#!#JTR', 'Agriculture##!##Agriunspecified##!##Biofuels##!##Food crops##!##For carbon sequestration/REDD##!##For wood and fibre##!##Industry##!##Livestock##!##Non-food agricultural commodities##!##Renewable Energy', 77, 40.7497364098266, 'dummy'], ['Mango', 'Mango#!#MAN', 'Agriculture##!##Food crops', 3, 42.5541795665635, 'dummy'], ['Oil Palm', 'Oil Palm#!#OPL', 'Agriculture##!##Agriunspecified##!##Biofuels##!##Food crops##!##For carbon sequestration/REDD##!##Forestry##!##For wood and fibre##!##Industry##!##Non-food agricultural commodities##!##Other (please specify)##!##Renewable Energy##!##Tourism', 188, 43.0215912247479, 'dummy'], ['Oil Seeds', 'Oil Seeds#!#OIL', 'Agriculture##!##Biofuels##!##Food crops', 7, 46.8937197337416, 'dummy'], ['Oleagionous plant', 'Oleagionous plant#!#OLE', 'Agriculture##!##Food crops', 2, 30.0676232888009, 'dummy'], ['Olives', 'Olives#!#OLV', 'Agriculture##!##Food crops##!##For wood and fibre', 4, 28.183080255692, 'dummy'], ['Onion', 'Onion#!#ONI', 'Agriculture##!##Food crops##!##Industry', 2, 54.5081057073062, 'dummy'], ['Palms', 'Palms#!#PAL', 'Agriculture##!##Food crops', 1, 51.063829787234, 'dummy'], ['Peanut', 'Peanut#!#PEA', 'Agriculture##!##Agriunspecified##!##Biofuels##!##Food crops##!##Non-food agricultural commodities##!##Renewable Energy', 8, 50.6814466170721, 'dummy'], ['Pineapple', 'Pineapple#!#PIN', 'Agriculture##!##Food crops##!##Livestock##!##Non-food agricultural commodities', 8, 38.8726765045975, 'dummy'], ['Pine', 'Pine#!#PIE', 'Agriculture##!##Conservation##!##For carbon sequestration/REDD##!##Forestry##!##For wood and fibre', 17, 44.0674680197575, 'dummy'], ['Pongamia Pinnata', 'Pongamia Pinnata#!#PON', 'Agriculture##!##Food crops', 1, 63.8297872340426, 'dummy'], ['Potatoes', 'Potatoes#!#PTT', 'Agriculture##!##Food crops##!##Livestock', 7, 36.744028166234, 'dummy'], ['Pulses', 'Pulses#!#PLS', 'Agriculture##!##Food crops', 2, 37.7659574468085, 'dummy'], ['Rapeseed', 'Rapeseed#!#RAP', 'Agriculture##!##Food crops##!##Non-food agricultural commodities', 2, 42.8005937654627, 'dummy'], ['Rice (hybrid)', 'Rice (hybrid)#!#RCH', 'Agriculture##!##Food crops##!##Livestock##!##Non-food agricultural commodities', 8, 38.2142526449758, 'dummy'], ['Rice', 'Rice#!#RIC', 'Agriculture##!##Agriunspecified##!##Food crops##!##For wood and fibre##!##Industry##!##Livestock##!##Non-food agricultural commodities', 51, 43.7219771276669, 'dummy'], ['Roses', 'Roses#!#ROS', 'Agriculture##!##Non-food agricultural commodities', 1, 38.2978723404255, 'dummy'], ['Rubber', 'Rubber#!#RUB', 'Agriculture##!##Agriunspecified##!##Biofuels##!##Conservation##!##Food crops##!##Forestry##!##Forestunspecified##!##For wood and fibre##!##Industry##!##Non-food agricultural commodities##!##Other (please specify)##!##Tourism', 133, 47.1099362206768, 'dummy'], ['Seed Production', 'Seed Production#!#SEE', 'Agriculture##!##Non-food agricultural commodities', 1, 46.5116279069767, 'dummy'], ['Sesame', 'Sesame#!#SES', 'Agriculture##!##Agriunspecified##!##Food crops', 3, 34.5764418439717, 'dummy'], ['Sorghum', 'Sorghum#!#SOR', 'Agriculture##!##Agriunspecified##!##Biofuels##!##Food crops##!##For carbon sequestration/REDD##!##Livestock', 9, 30.4230778833506, 'dummy'], ['Soya Beans', 'Soya Beans#!#SOY', 'Agriculture##!##Agriunspecified##!##Biofuels##!##Food crops##!##Forestry##!##Industry##!##Livestock##!##Non-food agricultural commodities', 58, 37.4655590283178, 'dummy'], ['Sugar beet', 'Sugar beet#!#SUB', 'Agriculture##!##Food crops', 1, 46.5116279069767, 'dummy'], ['Sugar Cane', 'Sugar Cane#!#SUC', 'Agriculture##!##Agriunspecified##!##Biofuels##!##Conservation##!##Food crops##!##Industry##!##Livestock##!##Non-food agricultural commodities##!##Renewable Energy', 75, 46.4805287367389, 'dummy'], ['Sugar (no specification)', 'Sugar (no specification)#!#SUG', 'Agriculture##!##Food crops##!##Non-food agricultural commodities', 5, 40.4426725905267, 'dummy'], ['Sun Flower', 'Sun Flower#!#SUN', 'Agriculture##!##Agriunspecified##!##Biofuels##!##Food crops##!##Livestock##!##Other (please specify)', 17, 56.3366216144073, 'dummy'], ['Sweet Potatoes', 'Sweet Potatoes#!#SWP', 'Agriculture##!##Food crops', 1, 65.0943396226415, 'dummy'], ['Teak', 'Teak#!#TEK', 'Agriculture##!##Biofuels##!##For carbon sequestration/REDD##!##Forestry##!##For wood and fibre', 16, 44.0054791299285, 'dummy'], ['Tea', 'Tea#!#TEA', 'Agriculture##!##Food crops##!##Forestry##!##For wood and fibre', 10, 38.4143889666448, 'dummy'], ['Tomatoes', 'Tomatoes#!#TOM', 'Agriculture##!##Food crops##!##For wood and fibre', 6, 44.7715700375275, 'dummy'], ['Trees', 'Trees#!#TRE', 'Agriculture##!##Biofuels##!##Conservation##!##Food crops##!##For carbon sequestration/REDD##!##Forestry##!##Forestunspecified##!##For wood and fibre##!##Industry##!##Renewable Energy', 64, 44.7876676901012, 'dummy'], ['Vegetables', 'Vegetables#!#VGT', 'Agriculture##!##Agriunspecified##!##Food crops##!##Forestry##!##Industry##!##Non-food agricultural commodities', 23, 44.4029584919494, 'dummy'], ['Wheat', 'Wheat#!#WHT', 'Agriculture##!##Agriunspecified##!##Conservation##!##Food crops##!##Livestock##!##Non-food agricultural commodities##!##Other (please specify)', 76, 43.2771317252176, 'dummy']]
