{'data': '{"columns": ["target_country", "target_region", "intention", "deal_count", "availability"], "filters": {"deal_scope": "transnational", "order_by": ["target_country"], "group_by": "target_country", "limit": "", "activity": {"tags": {"pi_negotiation_status__in": ["Concluded (Oral Agreement)", "Concluded (Contract signed)"]}}, "group_value": "", "investor": {"tags": {}}, "starts_with": null}}'}
[['Angola', 'Angola', ['Central Africa'], ['Agriculture', 'Biofuels', 'Food crops'], 7, 39.3220859482038, 'dummy'], ['Argentina', 'Argentina', ['South America'], ['Agriculture', 'Agriunspecified', 'Conservation', 'Food crops', 'Forestry', 'For wood and fibre', 'Livestock', 'Other (please specify)', 'Tourism'], 25, 34.2936478618228, 'dummy'], ['Benin', 'Benin', ['Western Africa'], ['Agriculture', 'Biofuels', 'Food crops', 'Renewable Energy', None], 3, 42.9489435536468, 'dummy'], ['Bolivia (Plurinational State of)', 'Bolivia (Plurinational State of)', ['South America'], ['Agriculture', 'Agriunspecified', 'Food crops'], 3, 45.1258830564784, 'dummy'], ['Brazil', 'Brazil', ['South America'], ['Agriculture', 'Biofuels', 'Food crops', 'Forestry', 'Forestunspecified', 'For wood and fibre', 'Livestock', 'Non-food agricultural commodities'], 48, 48.9409745473052, 'dummy'], ['Bulgaria', 'Bulgaria', ['Eastern Europe'], ['Agriculture', 'Food crops', 'Other (please specify)'], 1, 74.390243902439, 'dummy'], ['Burkina Faso', 'Burkina Faso', ['Western Africa'], ['Agriculture', 'Biofuels', 'Food crops', 'Renewable Energy'], 3, 42.9494278331488, 'dummy'], ['Cambodia', 'Cambodia', ['South-East Asia'], ['Agriculture', 'Agriunspecified', 'Biofuels', 'Conservation', 'Food crops', 'For carbon sequestration/REDD', 'Forestry', 'Forestunspecified', 'For wood and fibre', 'Industry', 'Livestock', 'Non-food agricultural commodities', 'Other (please specify)', 'Tourism', None], 104, 47.3144778528012, 'dummy'], ['Cameroon', 'Cameroon', ['Central Africa'], ['Agriculture', 'Agriunspecified', 'Biofuels', 'Food crops', 'Non-food agricultural commodities'], 6, 52.0177530359437, 'dummy'], ['Central African Republic', 'Central African Republic', ['Central Africa'], ['Agriculture', 'Food crops'], 1, 39.5348837209302, 'dummy'], ['Chile', 'Chile', ['South America'], ['Agriculture', 'Food crops', 'Forestry', 'For wood and fibre'], 4, 31.8866638640429, 'dummy'], ['China', 'China', ['Eastern Asia'], ['Agriculture', 'Biofuels', 'Food crops', 'Forestry', 'For wood and fibre', 'Industry', 'Livestock'], 11, 52.3844132746286, 'dummy'], ['Colombia', 'Colombia', ['South America'], ['Agriculture', 'Biofuels', 'Food crops', 'Forestry', 'For wood and fibre'], 19, 35.6116436204407, 'dummy'], ['Congo', 'Congo', ['Central Africa'], ['Agriculture', 'Agriunspecified', 'Biofuels', 'Food crops', 'For carbon sequestration/REDD', 'Forestry', 'For wood and fibre', 'Livestock', 'Non-food agricultural commodities', 'Renewable Energy'], 7, 57.0266333308229, 'dummy'], ['Costa Rica', 'Costa Rica', ['Central America'], ['Agriculture', 'Conservation', 'Food crops', 'Forestry', 'For wood and fibre', 'Tourism'], 2, 50.3703703703704, 'dummy'], ["Côte d'Ivoire", "Côte d'Ivoire", ['Western Africa'], ['Agriculture', 'Agriunspecified', 'Food crops', 'Non-food agricultural commodities'], 7, 32.0705351961262, 'dummy'], ['Cuba', 'Cuba', ['Caribbean'], ['Agriculture', 'Food crops'], 1, 42.8571428571429, 'dummy'], ['Democratic Republic of the Congo', 'Democratic Republic of the Congo', ['Central Africa'], ['Agriculture', 'Agriunspecified', 'Biofuels', 'Food crops', 'For carbon sequestration/REDD', 'Forestry', 'For wood and fibre', 'Non-food agricultural commodities'], 11, 53.0756242676653, 'dummy'], ['Egypt', 'Egypt', ['Northern Africa'], ['Agriculture', 'Food crops', 'Non-food agricultural commodities'], 8, 37.0142774165977, 'dummy'], ['Ethiopia', 'Ethiopia', ['Eastern Africa'], ['Agriculture', 'Agriunspecified', 'Biofuels', 'Conservation', 'Food crops', 'Forestry', 'For wood and fibre', 'Livestock', 'Non-food agricultural commodities'], 57, 47.43425020232, 'dummy'], ['Gabon', 'Gabon', ['Central Africa'], ['Agriculture', 'Agriunspecified', 'Food crops', 'Livestock', 'Non-food agricultural commodities', 'Tourism'], 3, 64.3817660190214, 'dummy'], ['Gambia', 'Gambia', ['Western Africa'], ['Agriculture', 'Biofuels'], 1, 34.2857142857143, 'dummy'], ['Georgia', 'Georgia', ['Middle East'], ['Agriculture', 'Food crops'], 1, 16.7778, 'dummy'], ['Ghana', 'Ghana', ['Western Africa'], ['Agriculture', 'Agriunspecified', 'Biofuels', 'Food crops', 'For carbon sequestration/REDD', 'Forestry', 'For wood and fibre', 'Livestock', 'Non-food agricultural commodities', 'Renewable Energy'], 28, 46.2296773412169, 'dummy'], ['Guatemala', 'Guatemala', ['Central America'], ['Agriculture', 'Biofuels'], 2, 42.9158555050833, 'dummy'], ['Guinea', 'Guinea', ['Western Africa'], ['Agriculture', 'Agriunspecified', 'Biofuels', 'Food crops', 'Non-food agricultural commodities'], 6, 28.0525508854554, 'dummy'], ['Guinea-Bissau', 'Guinea-Bissau', ['Western Africa'], ['Agriculture', 'Food crops'], 1, 42.5531914893617, 'dummy'], ['Guyana', 'Guyana', ['South America'], ['Agriculture', 'Biofuels', 'Food crops', 'Forestry', 'For wood and fibre', 'Non-food agricultural commodities', 'Renewable Energy'], 4, 52.2766798418972, 'dummy'], ['Honduras', 'Honduras', ['Central America'], ['Agriculture', 'Food crops', 'Tourism'], 2, 35.0440917107584, 'dummy'], ['India', 'India', ['South Asia'], ['Agriculture', 'Biofuels', 'Food crops', 'Industry', 'Other (please specify)', 'Renewable Energy'], 9, 61.3461745635048, 'dummy'], ['Indonesia', 'Indonesia', ['South-East Asia'], ['Agriculture', 'Agriunspecified', 'Biofuels', 'Food crops', 'Forestry', 'For wood and fibre', 'Non-food agricultural commodities'], 120, 44.0978607177268, 'dummy'], ['Jamaica', 'Jamaica', ['Caribbean'], ['Agriculture', 'Food crops'], 1, 46.5116279069767, 'dummy'], ['Kazakhstan', 'Kazakhstan', ['Central Asia'], ['Agriculture', 'Food crops'], 1, 38.4615384615385, 'dummy'], ['Kenya', 'Kenya', ['Eastern Africa'], ['Agriculture', 'Biofuels', 'Food crops', 'Livestock', 'Non-food agricultural commodities', 'Renewable Energy'], 5, 55.6687321241279, 'dummy'], ["Lao People's Democratic Republic", "Lao People's Democratic Republic", ['South-East Asia'], ['Agriculture', 'Agriunspecified', 'Biofuels', 'Food crops', 'Forestry', 'Forestunspecified', 'For wood and fibre', 'Industry', 'Livestock', 'Non-food agricultural commodities', 'Tourism'], 55, 48.9978114910242, 'dummy'], ['Liberia', 'Liberia', ['Western Africa'], ['Agriculture', 'Agriunspecified', 'Biofuels', 'Food crops', 'For carbon sequestration/REDD', 'Forestry', 'For wood and fibre', 'Non-food agricultural commodities', 'Renewable Energy'], 14, 60.9917921910955, 'dummy'], ['Lithuania', 'Lithuania', ['Northern Europe'], ['Agriculture', 'Food crops', 'Non-food agricultural commodities'], 2, 56.3829787234042, 'dummy'], ['Madagascar', 'Madagascar', ['Eastern Africa'], ['Agriculture', 'Biofuels', 'Food crops', 'Forestry', 'Forestunspecified'], 9, 48.5792148323021, 'dummy'], ['Malawi', 'Malawi', ['Eastern Africa'], ['Agriculture', 'Biofuels', 'Food crops'], 4, 39.4468346089336, 'dummy'], ['Malaysia', 'Malaysia', ['South-East Asia'], ['Agriculture', 'Agriunspecified', 'Biofuels', 'Food crops', 'Forestry', 'Industry', 'Other (please specify)'], 5, 38.2675896010187, 'dummy'], ['Mali', 'Mali', ['Western Africa'], ['Agriculture', 'Biofuels', 'Food crops', 'Livestock', 'Other (please specify)', 'Renewable Energy'], 9, 44.8579237412688, 'dummy'], ['Mauritania', 'Mauritania', ['Western Africa'], ['Agriculture', 'Food crops'], 2, 41.1654135338346, 'dummy'], ['Mauritius', 'Mauritius', ['Eastern Africa'], ['Agriculture', 'Food crops'], 1, 54.7619047619048, 'dummy'], ['Mexico', 'Mexico', ['Central America'], ['Agriculture', 'Biofuels', 'Renewable Energy', None], 5, 29.7800987911313, 'dummy'], ['Mongolia', 'Mongolia', ['Eastern Asia'], ['Agriculture', 'Conservation', 'Food crops', 'Livestock', 'Tourism'], 1, 60.8695652173913, 'dummy'], ['Morocco', 'Morocco', ['Northern Africa'], ['Agriculture', 'Food crops', 'Livestock', 'Other (please specify)'], 4, 38.4194019488137, 'dummy'], ['Mozambique', 'Mozambique', ['Eastern Africa'], ['Agriculture', 'Agriunspecified', 'Biofuels', 'Conservation', 'Food crops', 'For carbon sequestration/REDD', 'Forestry', 'For wood and fibre', 'Livestock', 'Non-food agricultural commodities', 'Renewable Energy', 'Tourism'], 72, 33.4281527811903, 'dummy'], ['Myanmar', 'Myanmar', ['South-East Asia'], ['Agriculture', 'Agriunspecified', 'Industry', 'Renewable Energy'], 3, 41.0678221745021, 'dummy'], ['Namibia', 'Namibia', ['Southern Africa'], ['Agriculture', 'Food crops'], 1, 51.063829787234, 'dummy'], ['Nicaragua', 'Nicaragua', ['Central America'], ['Agriculture', 'Conservation', 'Forestry', 'For wood and fibre', 'Renewable Energy'], 4, 40.8700822986537, 'dummy'], ['Nigeria', 'Nigeria', ['Western Africa'], ['Agriculture', 'Agriunspecified', 'Biofuels', 'Food crops', 'Industry', 'Livestock', 'Non-food agricultural commodities', 'Renewable Energy'], 18, 55.945152503495, 'dummy'], ['Pakistan', 'Pakistan', ['South Asia'], ['Agriculture', 'Agriunspecified', 'Biofuels', 'Food crops'], 4, 40.7947322346135, 'dummy'], ['Papua New Guinea', 'Papua New Guinea', ['Melanesia'], ['Agriculture', 'Agriunspecified', 'Biofuels', 'Food crops', 'Forestry', 'For wood and fibre', 'Livestock', 'Non-food agricultural commodities', 'Other (please specify)', None], 39, 47.0563829689355, 'dummy'], ['Paraguay', 'Paraguay', ['South America'], ['Agriculture', 'Agriunspecified', 'Conservation', 'Food crops', 'Forestry', 'For wood and fibre', 'Livestock'], 9, 40.8707255334751, 'dummy'], ['Peru', 'Peru', ['South America'], ['Agriculture', 'Food crops', 'Non-food agricultural commodities', 'Other (please specify)'], 8, 45.2114620920402, 'dummy'], ['Philippines', 'Philippines', ['South-East Asia'], ['Agriculture', 'Biofuels', 'Food crops', 'Livestock'], 13, 41.2326476337525, 'dummy'], ['Romania', 'Romania', ['Eastern Europe'], ['Agriculture', 'Agriunspecified', 'Biofuels', 'Conservation', 'Food crops', 'Forestry', 'Forestunspecified', 'For wood and fibre', 'Livestock', 'Non-food agricultural commodities'], 18, 62.4607437032986, 'dummy'], ['Russian Federation', 'Russian Federation', ['Eastern Europe'], ['Agriculture', 'Agriunspecified', 'Food crops', 'Forestry', 'For wood and fibre', 'Industry', 'Livestock', 'Non-food agricultural commodities'], 19, 49.1939624632908, 'dummy'], ['Rwanda', 'Rwanda', ['Eastern Africa'], ['Agriculture', 'Biofuels', 'Food crops', 'Forestry', 'For wood and fibre'], 3, 26.137580952381, 'dummy'], ['Sao Tome and Principe', 'Sao Tome and Principe', ['Central Africa'], ['Agriculture', 'Agriunspecified'], 1, 54.0, 'dummy'], ['Senegal', 'Senegal', ['Western Africa'], ['Agriculture', 'Biofuels', 'Food crops', 'For carbon sequestration/REDD', 'Forestry', 'Non-food agricultural commodities', None], 14, 46.4377389492687, 'dummy'], ['Sierra Leone', 'Sierra Leone', ['Western Africa'], ['Agriculture', 'Agriunspecified', 'Biofuels', 'Food crops', 'For carbon sequestration/REDD', 'Forestry', 'For wood and fibre', 'Non-food agricultural commodities', 'Other (please specify)', 'Renewable Energy'], 20, 50.7873233422205, 'dummy'], ['South Africa', 'South Africa', ['Southern Africa'], ['Agriculture', 'Food crops', 'Forestry', 'For wood and fibre'], 4, 39.2965497613405, 'dummy'], ['South Sudan', 'South Sudan', ['Northern Africa'], ['Agriculture', 'Conservation', 'Food crops', 'For carbon sequestration/REDD', 'Forestry', 'For wood and fibre', 'Tourism'], 9, 43.6114221113052, 'dummy'], ['Sri Lanka', 'Sri Lanka', ['South Asia'], ['Tourism'], 1, 50.0, 'dummy'], ['Sudan', 'Sudan', ['Northern Africa'], ['Agriculture', 'Biofuels', 'Food crops', 'Livestock', 'Non-food agricultural commodities', 'Renewable Energy'], 19, 38.5903248404649, 'dummy'], ['Swaziland', 'Swaziland', ['Southern Africa'], ['Agriculture', 'Food crops', 'Forestry', 'For wood and fibre'], 2, 37.8354203935599, 'dummy'], ['Timor-Leste', 'Timor-Leste', ['South-East Asia'], ['Agriculture', 'Biofuels', 'Food crops', 'Industry', 'Non-food agricultural commodities'], 4, 60.7473740877844, 'dummy'], ['Tunisia', 'Tunisia', ['Northern Africa'], ['Agriculture', 'Food crops'], 1, 33.3333333333333, 'dummy'], ['Turkey', 'Turkey', ['Middle East'], ['Agriculture', 'Food crops'], 1, 13.7778, 'dummy'], ['Uganda', 'Uganda', ['Eastern Africa'], ['Agriculture', 'Agriunspecified', 'Biofuels', 'Food crops', 'For carbon sequestration/REDD', 'Forestry', 'For wood and fibre', 'Industry', 'Livestock', 'Non-food agricultural commodities'], 12, 47.9559930322436, 'dummy'], ['Ukraine', 'Ukraine', ['Eastern Europe'], ['Agriculture', 'Agriunspecified', 'Biofuels', 'Food crops', 'Livestock', 'Non-food agricultural commodities'], 16, 61.1208610078902, 'dummy'], ['United Republic of Tanzania', 'United Republic of Tanzania', ['Eastern Africa'], ['Agriculture', 'Agriunspecified', 'Biofuels', 'Food crops', 'For carbon sequestration/REDD', 'Forestry', 'For wood and fibre', 'Livestock', 'Non-food agricultural commodities', 'Renewable Energy'], 29, 39.2789034461183, 'dummy'], ['Uruguay', 'Uruguay', ['South America'], ['Agriculture', 'Biofuels', 'Food crops', 'Forestry', 'For wood and fibre', 'Livestock'], 39, 44.6165214170431, 'dummy'], ['Viet Nam', 'Viet Nam', ['South-East Asia'], ['Agriculture', 'Conservation', 'For carbon sequestration/REDD', 'Forestry', 'For wood and fibre', 'Livestock'], 7, 59.9620674761186, 'dummy'], ['Zambia', 'Zambia', ['Eastern Africa'], ['Agriculture', 'Agriunspecified', 'Biofuels', 'Food crops', 'Industry', 'Livestock', 'Non-food agricultural commodities'], 22, 51.288955927465, 'dummy'], ['Zimbabwe', 'Zimbabwe', ['Eastern Africa'], ['Agriculture', 'Food crops', 'Tourism'], 3, 38.9617181334549, 'dummy']]
