{'data': '{"columns": ["investor_region", "intention", "deal_count", "availability"], "filters": {"deal_scope": "transnational", "order_by": ["investor_region"], "group_by": "investor_region", "limit": "", "activity": {"tags": {"pi_negotiation_status__in": ["Concluded (Oral Agreement)", "Concluded (Contract signed)"]}}, "group_value": "", "investor": {"tags": {}}, "starts_with": null}}'}
[[None, '#!#', ['Agriculture', 'Agriunspecified', 'Biofuels', 'Conservation', 'Food crops', 'For carbon sequestration/REDD', 'Forestry', 'Forestunspecified', 'For wood and fibre', 'Industry', 'Livestock', 'Non-food agricultural commodities', 'Other (please specify)', 'Renewable Energy', 'Tourism', None], 1037, 43.8961809058937, 'dummy']]
