{'data':'{"columns":["investor_country", "investor_region", "intention", "deal_count", "availability"],"filters":{"deal_scope": "transnational", "order_by": ["investor_country"], "group_by": "investor_country", "limit": "", "activity": {"tags": {"pi_negotiation_status__in": ["Concluded (Oral Agreement)", "Concluded (Contract signed)"]}}, "group_value": "", "investor": {"tags": {}}, "starts_with": null}}'}
[[None, '#!#', '#!#', 'Agriculture##!##Agriunspecified##!##Biofuels##!##Conservation##!##Food crops##!##Forestry##!##For wood and fibre##!##Industry##!##Livestock##!##Non-food agricultural commodities##!##Other (please specify)##!##Renewable Energy##!##Tourism', 30, 37.2250345424354, 'dummy'],['Algeria', 'Algeria#!#DZA', 'Northern Africa#!#15', 'Agriculture##!##Food crops', 1, 28.2051282051282, 'dummy'],['Angola', 'Angola#!#AGO', 'Central Africa#!#17', 'Agriculture##!##Biofuels##!##Renewable Energy', 2, 46.5079365079365, 'dummy'],['Argentina', 'Argentina#!#ARG', 'South America#!#5', 'Agriculture##!##Agriunspecified##!##Biofuels##!##Food crops##!##Forestry##!##Livestock', 19, 43.7979499727665, 'dummy'],['Australia', 'Australia#!#AUS', 'Australia and New Zealand#!#53', 'Agriculture##!##Food crops##!##Non-food agricultural commodities##!##Other (please specify)##!##Renewable Energy', 5, 36.1519890062381, 'dummy'],['Austria', 'Austria#!#AUT', 'Western Europe#!#155', 'Agriculture##!##Food crops##!##Non-food agricultural commodities##!##Other (please specify)', 4, 59.2551582368867, 'dummy'],['Bahrain', 'Bahrain#!#BHR', 'Middle East#!#145', 'Agriculture##!##Food crops', 1, 37.1428571428571, 'dummy'],['Belgium', 'Belgium#!#BEL', 'Western Europe#!#155', 'Agriculture##!##Agriunspecified##!##Biofuels##!##Food crops##!##Non-food agricultural commodities##!##Tourism', 17, 40.4825491664603, 'dummy'],['Bermuda', 'Bermuda#!#BMU', 'Northern America#!#21', 'Agriculture##!##Conservation##!##Food crops##!##Livestock', 11, 37.7841855624291, 'dummy'],['Brazil', 'Brazil#!#BRA', 'South America#!#5', 'Agriculture##!##Biofuels##!##Food crops##!##Forestry##!##For wood and fibre##!##Livestock##!##Other (please specify)##!##Renewable Energy', 24, 47.4303369974796, 'dummy'], ['British Virgin Islands', 'British Virgin Islands#!#VGB', 'Caribbean#!#29', 'Agriculture##!##Agriunspecified##!##Renewable Energy', 13, 40.2436626824643, 'dummy'], ['Bulgaria', 'Bulgaria#!#BGR', 'Eastern Europe#!#151', 'Food crops##!##Other (please specify)', 1, 74.390243902439, 'dummy'], ['Cambodia', 'Cambodia#!#KHM', 'South-East Asia#!#35', 'Agriculture##!##Agriunspecified##!##Forestry##!##Non-food agricultural commodities##!##Other (please specify)##!##Tourism', 7, 48.6110515971026, 'dummy'], ['Cameroon', 'Cameroon#!#CMR', 'Central Africa#!#17', 'Agriculture##!##Biofuels', 1, 39.5348837209302, 'dummy'], ['Canada', 'Canada#!#CAN', 'Northern America#!#21', 'Agriculture##!##Agriunspecified##!##Biofuels##!##Food crops##!##For carbon sequestration/REDD##!##Forestry##!##For wood and fibre##!##Industry##!##Livestock##!##Tourism', 44, 43.2061202623018, 'dummy'], ['Cape Verde', 'Cape Verde#!#CPV', 'Western Africa#!#11', 'Agriculture##!##Food crops', 1, 28.5714285714286, 'dummy'], ['Cayman Islands', 'Cayman Islands#!#CYM', 'Caribbean#!#29', 'Agriculture##!##Industry', 2, 42.4320063066614, 'dummy'], ['Chile', 'Chile#!#CHL', 'South America#!#5', 'Agriculture##!##Food crops##!##Forestry##!##For wood and fibre', 14, 45.892952790098, 'dummy'], ['China', 'China#!#CHN', 'Eastern Asia#!#30', 'Agriculture##!##Agriunspecified##!##Biofuels##!##Food crops##!##Forestry##!##Forestunspecified##!##For wood and fibre##!##Industry##!##Livestock##!##Non-food agricultural commodities##!##Other (please specify)##!##Renewable Energy##!##Tourism', 94, 45.5696863705574, 'dummy'], ['China, Hong Kong Special Administrative Region', 'China, Hong Kong Special Administrative Region#!#HKG', 'Eastern Asia#!#30', 'Agriculture##!##Agriunspecified##!##Conservation##!##Food crops##!##Forestry##!##Forestunspecified##!##For wood and fibre##!##Industry##!##Livestock##!##Non-food agricultural commodities', 36, 46.0523421527703, 'dummy'], ['Costa Rica', 'Costa Rica#!#CRI', 'Central America#!#13', 'Forestry##!##For wood and fibre', 1, 41.8181818181818, 'dummy'], ["Côte d'Ivoire", "Côte d'Ivoire#!#CIV", 'Western Africa#!#11', 'Agriculture##!##Agriunspecified##!##Non-food agricultural commodities', 4, 56.0103524786506, 'dummy'], ['Democratic Republic of the Congo', 'Democratic Republic of the Congo#!#COD', 'Central Africa#!#17', 'Agriculture##!##Agriunspecified##!##Food crops', 2, 51.005291005291, 'dummy'], ['Denmark', 'Denmark#!#DNK', 'Northern Europe#!#154', 'Agriculture##!##Agriunspecified##!##Biofuels##!##Conservation##!##Food crops##!##Forestry##!##Forestunspecified##!##Livestock##!##Non-food agricultural commodities', 18, 48.2957169832766, 'dummy'], ['Djibouti', 'Djibouti#!#DJI', 'Eastern Africa#!#14', 'Agriculture##!##Food crops', 3, 31.7689897106028, 'dummy'], ['Egypt', 'Egypt#!#EGY', 'Northern Africa#!#15', 'Agriculture##!##Food crops##!##Non-food agricultural commodities', 7, 41.1844829464967, 'dummy'], ['Ethiopia', 'Ethiopia#!#ETH', 'Eastern Africa#!#14', 'Agriculture##!##Biofuels##!##Food crops', 11, 42.9136923742008, 'dummy'], ['Finland', 'Finland#!#FIN', 'Northern Europe#!#154', 'Agriculture##!##Agriunspecified##!##For carbon sequestration/REDD##!##Forestry##!##Forestunspecified##!##For wood and fibre##!##Industry', 18, 48.1367095476036, 'dummy'], ['France', 'France#!#FRA', 'Western Europe#!#155', 'Agriculture##!##Agriunspecified##!##Biofuels##!##Conservation##!##Food crops##!##Forestry##!##Livestock##!##Non-food agricultural commodities##!##Other (please specify)##!##Tourism', 38, 42.0296630061325, 'dummy'], ['Gabon', 'Gabon#!#GAB', 'Central Africa#!#17', 'Agriculture##!##Agriunspecified', 1, 59.4594594594595, 'dummy'], ['Germany', 'Germany#!#DEU', 'Western Europe#!#155', 'Agriculture##!##Agriunspecified##!##Biofuels##!##Food crops##!##Forestry##!##For wood and fibre##!##Industry##!##Livestock##!##Non-food agricultural commodities', 16, 44.409586832891, 'dummy'], ['Ghana', 'Ghana#!#GHA', 'Western Africa#!#11', 'Agriculture##!##Agriunspecified##!##Biofuels##!##Food crops', 5, 41.5943585013131, 'dummy'], ['Guinea', 'Guinea#!#GIN', 'Western Africa#!#11', 'Agriculture##!##Food crops', 3, 17.1111333333333, 'dummy'], ['Hungary', 'Hungary#!#HUN', 'Eastern Europe#!#151', 'Agriculture##!##Food crops', 1, 53.1914893617021, 'dummy'], ['India', 'India#!#IND', 'South Asia#!#34', 'Agriculture##!##Agriunspecified##!##Biofuels##!##Food crops##!##For carbon sequestration/REDD##!##Forestry##!##For wood and fibre##!##Industry##!##Non-food agricultural commodities##!##Renewable Energy', 47, 42.0666933916719, 'dummy'], ['Indonesia', 'Indonesia#!#IDN', 'South-East Asia#!#35', 'Agriculture##!##Agriunspecified##!##Food crops##!##Industry##!##Non-food agricultural commodities', 16, 46.4126281718182, 'dummy'], ['Iran (Islamic Republic of)', 'Iran (Islamic Republic of)#!#IRN', 'South Asia#!#34', 'Agriculture##!##Non-food agricultural commodities', 1, 33.3333333333333, 'dummy'], ['Israel', 'Israel#!#ISR', 'Middle East#!#145', 'Agriculture##!##Agriunspecified##!##Biofuels##!##Food crops##!##Livestock##!##Non-food agricultural commodities', 9, 37.9810208549098, 'dummy'], ['Italy', 'Italy#!#ITA', 'Southern Europe#!#39', 'Agriculture##!##Agriunspecified##!##Biofuels##!##Food crops##!##For carbon sequestration/REDD##!##Forestry##!##For wood and fibre##!##Non-food agricultural commodities', 24, 45.0041398188695, 'dummy'], ['Japan', 'Japan#!#JPN', 'Eastern Asia#!#30', 'Agriculture##!##Biofuels##!##Conservation##!##Food crops##!##Forestry##!##For wood and fibre##!##Industry##!##Non-food agricultural commodities##!##Renewable Energy', 19, 44.3942041319751, 'dummy'], ['Jersey', 'Jersey#!#JEY', 'Northern Europe#!#154', 'Agriculture##!##Food crops', 4, 47.2478688714568, 'dummy'], ['Kazakhstan', 'Kazakhstan#!#KAZ', 'Central Asia#!#143', 'Agriculture##!##Food crops', 1, 38.4615384615385, 'dummy'], ['Kenya', 'Kenya#!#KEN', 'Eastern Africa#!#14', 'Agriculture##!##Agriunspecified##!##Biofuels##!##Food crops##!##Forestry##!##For wood and fibre##!##Renewable Energy', 7, 33.6783832541842, 'dummy'], ['Kuwait', 'Kuwait#!#KWT', 'Middle East#!#145', 'Agriculture##!##Renewable Energy', 1, 40.0, 'dummy'], ["Lao People's Democratic Republic", "Lao People's Democratic Republic#!#LAO", 'South-East Asia#!#35', 'Agriculture##!##Biofuels##!##Forestry##!##For wood and fibre##!##Industry##!##Livestock##!##Non-food agricultural commodities##!##Tourism', 6, 49.9931926156567, 'dummy'], ['Lebanon', 'Lebanon#!#LBN', 'Middle East#!#145', 'Agriculture##!##Agriunspecified##!##Food crops', 2, 43.7629399585921, 'dummy'], ['Liberia', 'Liberia#!#LBR', 'Western Africa#!#11', 'Agriculture##!##For carbon sequestration/REDD##!##Forestry##!##For wood and fibre', 2, 57.9292929292929, 'dummy'], ['Libya', 'Libya#!#LBY', 'Northern Africa#!#15', 'Agriculture##!##Food crops##!##Livestock', 4, 33.1504680696176, 'dummy'], ['Lithuania', 'Lithuania#!#LTU', 'Northern Europe#!#154', 'Agriculture##!##Agriunspecified', 1, 53.1645569620253, 'dummy'], ['Luxembourg', 'Luxembourg#!#LUX', 'Western Europe#!#155', 'Agriculture##!##Agriunspecified##!##Food crops##!##Livestock##!##Non-food agricultural commodities', 21, 33.4045677927842, 'dummy'], ['Madagascar', 'Madagascar#!#MDG', 'Eastern Africa#!#14', 'Agriculture##!##Biofuels##!##Food crops', 2, 28.7979909090909, 'dummy'], ['Malaysia', 'Malaysia#!#MYS', 'South-East Asia#!#35', 'Agriculture##!##Agriunspecified##!##Biofuels##!##Food crops##!##Forestry##!##For wood and fibre##!##Industry##!##Non-food agricultural commodities##!##Other (please specify)##!##Renewable Energy', 96, 45.1642658564228, 'dummy'], ['Mali', 'Mali#!#MLI', 'Western Africa#!#11', 'Agriculture##!##Food crops##!##Livestock##!##Renewable Energy', 3, 57.4339857098478, 'dummy'], ['Mauritius', 'Mauritius#!#MUS', 'Eastern Africa#!#14', 'Agriculture##!##Agriunspecified##!##Food crops##!##Renewable Energy', 5, 45.7178045962557, 'dummy'], ['Mexico', 'Mexico#!#MEX', 'Central America#!#13', 'Agriculture##!##Biofuels##!##Forestry##!##For wood and fibre', 2, 34.5299256410256, 'dummy'], ['Mozambique', 'Mozambique#!#MOZ', 'Eastern Africa#!#14', 'Agriculture##!##Biofuels##!##Conservation##!##Food crops##!##Forestry##!##For wood and fibre', 10, 32.7278622826563, 'dummy'], ['Namibia', 'Namibia#!#NAM', 'Southern Africa#!#18', 'Agriculture##!##Food crops', 1, 51.063829787234, 'dummy'], ['Netherlands', 'Netherlands#!#NLD', 'Western Europe#!#155', 'Agriculture##!##Agriunspecified##!##Biofuels##!##Conservation##!##Food crops##!##For carbon sequestration/REDD##!##Forestry##!##For wood and fibre##!##Livestock##!##Non-food agricultural commodities##!##Other (please specify)##!##Renewable Energy', 27, 46.1595732324334, 'dummy'], ['New Zealand', 'New Zealand#!#NZL', 'Australia and New Zealand#!#53', 'Agriculture##!##Food crops##!##Industry##!##Livestock', 3, 42.8684288151026, 'dummy'], ['Nicaragua', 'Nicaragua#!#NIC', 'Central America#!#13', 'Agriculture##!##Renewable Energy', 2, 45.8955223880597, 'dummy'], ['Nigeria', 'Nigeria#!#NGA', 'Western Africa#!#11', 'Agriculture##!##Agriunspecified##!##Biofuels##!##Food crops##!##Forestry##!##For wood and fibre##!##Livestock##!##Non-food agricultural commodities', 10, 42.5606107852204, 'dummy'], ['Norway', 'Norway#!#NOR', 'Northern Europe#!#154', 'Agriculture##!##Agriunspecified##!##Biofuels##!##Conservation##!##Food crops##!##For carbon sequestration/REDD##!##Forestry##!##For wood and fibre', 13, 44.5016545905425, 'dummy'], ['Pakistan', 'Pakistan#!#PAK', 'South Asia#!#34', 'Agriculture##!##Food crops##!##Forestry##!##For wood and fibre', 3, 43.2362733669353, 'dummy'], ['Papua New Guinea', 'Papua New Guinea#!#PNG', 'Melanesia#!#54', 'For wood and fibre##!##Other (please specify)', 1, 40.0, 'dummy'], ['Peru', 'Peru#!#PER', 'South America#!#5', 'Agriculture##!##Food crops##!##Non-food agricultural commodities', 4, 43.1882943893424, 'dummy'], ['Philippines', 'Philippines#!#PHL', 'South-East Asia#!#35', 'Agriculture##!##Biofuels##!##Food crops', 5, 45.1282051282051, 'dummy'], ['Portugal', 'Portugal#!#PRT', 'Southern Europe#!#39', 'Agriculture##!##Biofuels##!##Food crops##!##Forestry##!##For wood and fibre##!##Livestock##!##Non-food agricultural commodities##!##Renewable Energy', 14, 39.5426678770957, 'dummy'], ['Qatar', 'Qatar#!#QAT', 'Middle East#!#145', 'Agriculture##!##Food crops##!##Industry##!##Non-food agricultural commodities', 3, 45.293220866501, 'dummy'], ['Republic of Korea', 'Republic of Korea#!#KOR', 'Eastern Asia#!#30', 'Agriculture##!##Agriunspecified##!##Biofuels##!##Conservation##!##Food crops##!##For carbon sequestration/REDD##!##Forestry##!##Forestunspecified##!##For wood and fibre##!##Industry##!##Non-food agricultural commodities##!##Tourism', 31, 40.8079702442329, 'dummy'], ['Réunion', 'Réunion#!#REU', 'Eastern Africa#!#14', 'Agriculture##!##Food crops', 1, 44.1860465116279, 'dummy'], ['Romania', 'Romania#!#ROU', 'Eastern Europe#!#151', 'Agriculture##!##Biofuels', 2, 34.2857142857143, 'dummy'], ['Russian Federation', 'Russian Federation#!#RUS', 'Eastern Europe#!#151', 'Agriculture##!##Agriunspecified##!##Food crops##!##Forestry##!##For wood and fibre##!##Livestock##!##Tourism', 6, 41.6960313604374, 'dummy'], ['Rwanda', 'Rwanda#!#RWA', 'Eastern Africa#!#14', 'Agriculture##!##Food crops', 1, 42.8571428571429, 'dummy'], ['Saudi Arabia', 'Saudi Arabia#!#SAU', 'Middle East#!#145', 'Agriculture##!##Biofuels##!##Food crops##!##For wood and fibre##!##Non-food agricultural commodities##!##Renewable Energy', 22, 43.9687123368109, 'dummy'], ['Senegal', 'Senegal#!#SEN', 'Western Africa#!#11', 'Agriculture##!##Non-food agricultural commodities', 1, 38.4615384615385, 'dummy'], ['Serbia', 'Serbia#!#SRB', 'Southern Europe#!#39', 'Agriculture##!##Agriunspecified', 1, 66.6666666666667, 'dummy'], ['Singapore', 'Singapore#!#SGP', 'South-East Asia#!#35', 'Agriculture##!##Agriunspecified##!##Biofuels##!##Food crops##!##For carbon sequestration/REDD##!##Forestry##!##Industry##!##Livestock##!##Non-food agricultural commodities##!##Other (please specify)##!##Renewable Energy', 46, 44.0934155526398, 'dummy'], ['South Africa', 'South Africa#!#ZAF', 'Southern Africa#!#18', 'Agriculture##!##Agriunspecified##!##Biofuels##!##Food crops##!##For carbon sequestration/REDD##!##Forestry##!##For wood and fibre##!##Industry##!##Livestock##!##Non-food agricultural commodities##!##Tourism', 27, 35.6819095427084, 'dummy'], ['South Sudan', 'South Sudan#!#SSD', 'Northern Africa#!#15', 'Agriculture##!##Food crops', 1, 47.2727272727273, 'dummy'], ['Spain', 'Spain#!#ESP', 'Southern Europe#!#39', 'Agriculture##!##Biofuels##!##Food crops##!##Forestry##!##For wood and fibre##!##Non-food agricultural commodities##!##Renewable Energy', 15, 30.3295444635285, 'dummy'], ['Sri Lanka', 'Sri Lanka#!#LKA', 'South Asia#!#34', 'Agriculture##!##Conservation##!##Food crops##!##Forestry##!##Industry', 14, 35.9745466796014, 'dummy'], ['Sudan', 'Sudan#!#SDN', 'Northern Africa#!#15', 'Agriculture##!##Food crops##!##Renewable Energy', 2, 39.8245614035088, 'dummy'], ['Sweden', 'Sweden#!#SWE', 'Northern Europe#!#154', 'Agriculture##!##Agriunspecified##!##Biofuels##!##Conservation##!##Food crops##!##Forestry##!##For wood and fibre##!##Livestock##!##Renewable Energy', 17, 44.7820603548546, 'dummy'], ['Switzerland', 'Switzerland#!#CHE', 'Western Europe#!#155', 'Agriculture##!##Conservation##!##Food crops##!##Livestock##!##Renewable Energy', 17, 37.3268433418477, 'dummy'], ['Syrian Arab Republic', 'Syrian Arab Republic#!#SYR', 'Middle East#!#145', 'Agriculture', 1, 34.0425531914894, 'dummy'], ['Thailand', 'Thailand#!#THA', 'South-East Asia#!#35', 'Agriculture##!##Agriunspecified##!##Food crops##!##Industry##!##Livestock##!##Non-food agricultural commodities##!##Other (please specify)', 20, 48.73853217302, 'dummy'], ['Turkey', 'Turkey#!#TUR', 'Middle East#!#145', 'Agriculture##!##Food crops##!##Industry##!##Non-food agricultural commodities', 5, 39.7254802976306, 'dummy'], ['Uganda', 'Uganda#!#UGA', 'Eastern Africa#!#14', 'Agriculture##!##Agriunspecified##!##Food crops', 2, 47.2727272727273, 'dummy'], ['Ukraine', 'Ukraine#!#UKR', 'Eastern Europe#!#151', 'Agriculture##!##Agriunspecified', 1, 36.9565217391304, 'dummy'], ['United Arab Emirates', 'United Arab Emirates#!#ARE', 'Middle East#!#145', 'Agriculture##!##Agriunspecified##!##Conservation##!##Food crops##!##Forestry##!##For wood and fibre##!##Livestock##!##Non-food agricultural commodities##!##Tourism', 24, 37.6161234223737, 'dummy'], ['United Kingdom of Great Britain and Northern Ireland', 'United Kingdom of Great Britain and Northern Ireland#!#GBR', 'Northern Europe#!#154', 'Agriculture##!##Agriunspecified##!##Biofuels##!##Conservation##!##Food crops##!##For carbon sequestration/REDD##!##Forestry##!##For wood and fibre##!##Livestock##!##Non-food agricultural commodities##!##Other (please specify)##!##Renewable Energy##!##Tourism', 108, 40.950268666411, 'dummy'], ['United Republic of Tanzania', 'United Republic of Tanzania#!#TZA', 'Eastern Africa#!#14', 'Agriculture##!##Biofuels##!##Food crops##!##Renewable Energy', 5, 46.1875656884146, 'dummy'], ['United States of America', 'United States of America#!#USA', 'Northern America#!#21', 'Agriculture##!##Agriunspecified##!##Biofuels##!##Conservation##!##Food crops##!##For carbon sequestration/REDD##!##Forestry##!##For wood and fibre##!##Livestock##!##Non-food agricultural commodities##!##Other (please specify)##!##Renewable Energy##!##Tourism', 83, 44.2803771592121, 'dummy'], ['Uruguay', 'Uruguay#!#URY', 'South America#!#5', 'Other (please specify)', 1, 41.025641025641, 'dummy'], ['Viet Nam', 'Viet Nam#!#VNM', 'South-East Asia#!#35', 'Agriculture##!##Agriunspecified##!##Conservation##!##Food crops##!##Forestry##!##For wood and fibre##!##Industry##!##Non-food agricultural commodities', 49, 46.1836226668502, 'dummy'], ['Zambia', 'Zambia#!#ZMB', 'Eastern Africa#!#14', 'Agriculture##!##Biofuels', 2, 48.9044289044289, 'dummy'], ['Zimbabwe', 'Zimbabwe#!#ZWE', 'Eastern Africa#!#14', 'Agriculture##!##Conservation##!##Food crops##!##Forestry', 6, 33.3278740950226, 'dummy']]
