{'data': '{"columns": ["data_source_type", "intention", "deal_count", "availability"], "filters": {"deal_scope": "transnational", "order_by": ["data_source_type"], "group_by": "data_source_type", "limit": "", "activity": {"tags": {"pi_negotiation_status__in": ["Concluded (Oral Agreement)", "Concluded (Contract signed)"]}}, "group_value": "", "investor": {"tags": {}}, "starts_with": null}}'}
[['Company sources', 'Company sources', ['Agriculture', 'Agriunspecified', 'Biofuels', 'Conservation', 'Food crops', 'For carbon sequestration/REDD', 'Forestry', 'Forestunspecified', 'For wood and fibre', 'Industry', 'Livestock', 'Non-food agricultural commodities', 'Other (please specify)', 'Renewable Energy', 'Tourism', None], 619, 45.0754959173022, 'dummy'], ['Contract', 'Contract', ['Agriculture', 'Agriunspecified', 'Biofuels', 'Conservation', 'Food crops', 'For carbon sequestration/REDD', 'Forestry', 'Forestunspecified', 'For wood and fibre', 'Industry', 'Non-food agricultural commodities', 'Other (please specify)', 'Renewable Energy', 'Tourism'], 69, 50.5059657916754, 'dummy'], ['Crowdsourcing', 'Crowdsourcing', ['Agriculture', 'Biofuels', 'Food crops', 'Livestock'], 5, 48.8072532719798, 'dummy'], ['Government sources', 'Government sources', ['Agriculture', 'Agriunspecified', 'Biofuels', 'Conservation', 'Food crops', 'For carbon sequestration/REDD', 'Forestry', 'Forestunspecified', 'For wood and fibre', 'Industry', 'Livestock', 'Non-food agricultural commodities', 'Other (please specify)', 'Renewable Energy', 'Tourism', None], 247, 45.5101802533015, 'dummy'], ['Media report', 'Media report', ['Agriculture', 'Agriunspecified', 'Biofuels', 'Conservation', 'Food crops', 'For carbon sequestration/REDD', 'Forestry', 'Forestunspecified', 'For wood and fibre', 'Industry', 'Livestock', 'Non-food agricultural commodities', 'Other (please specify)', 'Renewable Energy', 'Tourism', None], 644, 48.9536624461931, 'dummy'], ['Other (Please specify in comment  field)', 'Other (Please specify in comment  field)', ['Agriculture', 'Agriunspecified', 'Biofuels', 'Food crops', 'For carbon sequestration/REDD', 'Forestry', 'For wood and fibre', 'Industry', 'Livestock', 'Non-food agricultural commodities'], 45, 49.9199484583013, 'dummy'], ['Personal information', 'Personal information', ['Agriculture', 'Agriunspecified', 'Biofuels', 'Conservation', 'Food crops', 'For carbon sequestration/REDD', 'Forestry', 'Forestunspecified', 'For wood and fibre', 'Industry', 'Livestock', 'Non-food agricultural commodities', 'Renewable Energy', 'Tourism', None], 122, 48.2315105810251, 'dummy'], ['Research Paper / Policy Report', 'Research Paper / Policy Report', ['Agriculture', 'Agriunspecified', 'Biofuels', 'Conservation', 'Food crops', 'For carbon sequestration/REDD', 'Forestry', 'Forestunspecified', 'For wood and fibre', 'Industry', 'Livestock', 'Non-food agricultural commodities', 'Other (please specify)', 'Renewable Energy', 'Tourism', None], 492, 48.2110916472701, 'dummy']]
