{'data': '{"columns": ["target_region", "intention", "deal_count", "availability"], "filters": {"deal_scope": "transnational", "order_by": ["target_region"], "group_by": "target_region", "limit": "", "activity": {"tags": {"pi_negotiation_status__in": ["Concluded (Oral Agreement)", "Concluded (Contract signed)"]}}, "group_value": "", "investor": {"tags": {}}, "starts_with": null}}'}
[['Caribbean', 'Caribbean', 'Agriculture##!##Food crops', 2, 45.2934662236988, 'dummy'], ['Central Africa', 'Central Africa', 'Agriculture##!##Agriunspecified##!##Biofuels##!##Food crops##!##For carbon sequestration/REDD##!##Forestry##!##For wood and fibre##!##Livestock##!##Non-food agricultural commodities##!##Renewable Energy##!##Tourism', 37, 51.5880842652488, 'dummy'], ['Central America', 'Central America', 'Agriculture##!##Biofuels##!##Conservation##!##Food crops##!##Forestry##!##For wood and fibre##!##Renewable Energy##!##Tourism', 15, 39.3700299845051, 'dummy'], ['Central Asia', 'Central Asia', 'Agriculture##!##Food crops', 1, 38.4615384615385, 'dummy'], ['Eastern Africa', 'Eastern Africa', 'Agriculture##!##Agriunspecified##!##Biofuels##!##Conservation##!##Food crops##!##For carbon sequestration/REDD##!##Forestry##!##For wood and fibre##!##Industry##!##Livestock##!##Non-food agricultural commodities##!##Renewable Energy##!##Tourism', 217, 38.7495640023977, 'dummy'], ['Eastern Asia', 'Eastern Asia', 'Agriculture##!##Biofuels##!##Conservation##!##Food crops##!##Forestry##!##For wood and fibre##!##Industry##!##Livestock', 13, 53.7769634494843, 'dummy'], ['Eastern Europe', 'Eastern Europe', 'Agriculture##!##Agriunspecified##!##Conservation##!##Food crops##!##Forestry##!##Forestunspecified##!##For wood and fibre##!##Industry##!##Livestock##!##Non-food agricultural commodities##!##Other (please specify)', 54, 59.3225398663659, 'dummy'], ['Melanesia', 'Melanesia', 'Agriculture##!##Agriunspecified##!##Biofuels##!##Forestry##!##For wood and fibre##!##Non-food agricultural commodities##!##Other (please specify)', 39, 45.7521953363638, 'dummy'], ['Middle East', 'Middle East', 'Agriculture##!##Food crops', 2, 15.7778, 'dummy'], ['Northern Africa', 'Northern Africa', 'Agriculture##!##Conservation##!##Food crops##!##Forestry##!##For wood and fibre##!##Livestock##!##Non-food agricultural commodities##!##Renewable Energy##!##Tourism', 41, 38.8881159473382, 'dummy'], ['Northern Europe', 'Northern Europe', 'Agriculture##!##Non-food agricultural commodities', 2, 56.3829787234042, 'dummy'], ['South America', 'South America', 'Agriculture##!##Agriunspecified##!##Biofuels##!##Conservation##!##Food crops##!##Forestry##!##For wood and fibre##!##Livestock##!##Non-food agricultural commodities##!##Other (please specify)##!##Renewable Energy##!##Tourism', 159, 42.0678323710757, 'dummy'], ['South Asia', 'South Asia', 'Agriculture##!##Agriunspecified##!##Biofuels##!##Food crops##!##Industry##!##Other (please specify)##!##Renewable Energy##!##Tourism', 14, 54.1376968748885, 'dummy'], ['South-East Asia', 'South-East Asia', 'Agriculture##!##Agriunspecified##!##Biofuels##!##Conservation##!##Food crops##!##For carbon sequestration/REDD##!##Forestry##!##Forestunspecified##!##For wood and fibre##!##Industry##!##Livestock##!##Non-food agricultural commodities##!##Other (please specify)##!##Renewable Energy##!##Tourism', 317, 47.456882487929, 'dummy'], ['Southern Africa', 'Southern Africa', 'Agriculture##!##Food crops##!##Forestry##!##For wood and fibre', 7, 43.2857039832482, 'dummy'], ['Western Africa', 'Western Africa', 'Agriculture##!##Agriunspecified##!##Biofuels##!##Food crops##!##For carbon sequestration/REDD##!##Forestry##!##For wood and fibre##!##Industry##!##Livestock##!##Non-food agricultural commodities##!##Other (please specify)##!##Renewable Energy', 128, 47.856063167826, 'dummy']]
