{'data': '{"columns": ["intention", "deal_count", "availability"], "filters": {"deal_scope": "transnational", "order_by": ["intention"], "group_by": "intention", "limit": "", "activity": {"tags": {"pi_negotiation_status__in": ["Concluded (Oral Agreement)", "Concluded (Contract signed)"]}}, "group_value": "", "investor": {"tags": {}}, "starts_with": null}}'}
[['Agriculture', 'Agriculture', 887, 42.4555605503298, 'dummy'], ['Agriunspecified', 'Agriunspecified', 155, 46.167058122552, 'dummy'], ['Biofuels', 'Biofuels', 98, 40.4488935999928, 'dummy'], ['Conservation', 'Conservation', 14, 38.2365280946103, 'dummy'], ['Food crops', 'Food crops', 279, 41.1583294747455, 'dummy'], ['For carbon sequestration/REDD', 'For carbon sequestration/REDD', 15, 43.9985693384109, 'dummy'], ['Forestry', 'Forestry', 124, 43.9950420288661, 'dummy'], ['Forestunspecified', 'Forestunspecified', 6, 49.2090895919496, 'dummy'], ['For wood and fibre', 'For wood and fibre', 101, 45.5517935774513, 'dummy'], ['Industry', 'Industry', 31, 48.375318046354, 'dummy'], ['Livestock', 'Livestock', 71, 39.4241745773969, 'dummy'], ['Non-food agricultural commodities', 'Non-food agricultural commodities', 170, 43.4406221893617, 'dummy'], ['Other (please specify)', 'Other (please specify)', 15, 51.558604192219, 'dummy'], ['Renewable Energy', 'Renewable Energy', 25, 43.4288900712986, 'dummy'], ['Tourism', 'Tourism', 17, 34.200843309131, 'dummy'], [None, None, 7, 41.1040577609445, 'dummy']]
